This is pdfTeX, Version 3.141592653-2.6-1.40.25 (TeX Live 2023/Debian) (preloaded format=pdflatex 2026.6.18)  24 JUL 2026 23:43
entering extended mode
 restricted \write18 enabled.
 %&-line parsing enabled.
**principal.tex
(./principal.tex
LaTeX2e <2023-11-01> patch level 1
L3 programming layer <2024-01-22>
(./fei.cls
Document Class: fei 2022/12/23 4.10.4 Modelo da FEI
(/usr/share/texlive/texmf-dist/tex/latex/kvoptions/kvoptions.sty
Package: kvoptions 2022-06-15 v3.15 Key value format for package options (HO)

(/usr/share/texlive/texmf-dist/tex/latex/graphics/keyval.sty
Package: keyval 2022/05/29 v1.15 key=value parser (DPC)
\KV@toks@=\toks17
)
(/usr/share/texlive/texmf-dist/tex/generic/ltxcmds/ltxcmds.sty
Package: ltxcmds 2023-12-04 v1.26 LaTeX kernel commands for general use (HO)
)
(/usr/share/texlive/texmf-dist/tex/latex/kvsetkeys/kvsetkeys.sty
Package: kvsetkeys 2022-10-05 v1.19 Key value parser (HO)
))
(/usr/share/texlive/texmf-dist/tex/latex/newtx/newtxtext.sty
Package: newtxtext 2024/01/11 v1.737(Michael Sharpe) latex and unicode latex su
pport for TeXGyreTermesX

`newtxtext' v1.737, 2024/01/11 Text macros taking advantage of TeXGyre Termes a
nd its extensions (msharpe)
(/usr/share/texlive/texmf-dist/tex/latex/xpatch/xpatch.sty
(/usr/share/texlive/texmf-dist/tex/latex/l3kernel/expl3.sty
Package: expl3 2024-01-22 L3 programming layer (loader) 

(/usr/share/texlive/texmf-dist/tex/latex/l3backend/l3backend-pdftex.def
File: l3backend-pdftex.def 2024-01-04 L3 backend support: PDF output (pdfTeX)
\l__color_backend_stack_int=\count187
\l__pdf_internal_box=\box51
))
Package: xpatch 2020/03/25 v0.3a Extending etoolbox patching commands

(/usr/share/texlive/texmf-dist/tex/latex/l3packages/xparse/xparse.sty
Package: xparse 2023-10-10 L3 Experimental document command parser
)
(/usr/share/texlive/texmf-dist/tex/latex/etoolbox/etoolbox.sty
Package: etoolbox 2020/10/05 v2.5k e-TeX tools for LaTeX (JAW)
\etb@tempcnta=\count188
))
(/usr/share/texlive/texmf-dist/tex/latex/xcolor/xcolor.sty
Package: xcolor 2023/11/15 v3.01 LaTeX color extensions (UK)

(/usr/share/texlive/texmf-dist/tex/latex/graphics-cfg/color.cfg
File: color.cfg 2016/01/02 v1.6 sample color configuration
)
Package xcolor Info: Driver file: pdftex.def on input line 274.

(/usr/share/texlive/texmf-dist/tex/latex/graphics-def/pdftex.def
File: pdftex.def 2022/09/22 v1.2b Graphics/color driver for pdftex
)
(/usr/share/texlive/texmf-dist/tex/latex/graphics/mathcolor.ltx)
Package xcolor Info: Model `cmy' substituted by `cmy0' on input line 1350.
Package xcolor Info: Model `hsb' substituted by `rgb' on input line 1354.
Package xcolor Info: Model `RGB' extended on input line 1366.
Package xcolor Info: Model `HTML' substituted by `rgb' on input line 1368.
Package xcolor Info: Model `Hsb' substituted by `hsb' on input line 1369.
Package xcolor Info: Model `tHsb' substituted by `hsb' on input line 1370.
Package xcolor Info: Model `HSB' substituted by `hsb' on input line 1371.
Package xcolor Info: Model `Gray' substituted by `gray' on input line 1372.
Package xcolor Info: Model `wave' substituted by `hsb' on input line 1373.
)
(/usr/share/texlive/texmf-dist/tex/generic/iftex/iftex.sty
Package: iftex 2022/02/03 v1.0f TeX engine tests
)
(/usr/share/texlive/texmf-dist/tex/latex/xkeyval/xkeyval.sty
Package: xkeyval 2022/06/16 v2.9 package option processing (HA)

(/usr/share/texlive/texmf-dist/tex/generic/xkeyval/xkeyval.tex
(/usr/share/texlive/texmf-dist/tex/generic/xkeyval/xkvutils.tex
\XKV@toks=\toks18
\XKV@tempa@toks=\toks19
)
\XKV@depth=\count189
File: xkeyval.tex 2014/12/03 v2.7a key=value parser (HA)
))
(/usr/share/texlive/texmf-dist/tex/latex/base/textcomp.sty
Package: textcomp 2020/02/02 v2.0n Standard LaTeX package
)
(/usr/share/texlive/texmf-dist/tex/generic/xstring/xstring.sty
(/usr/share/texlive/texmf-dist/tex/generic/xstring/xstring.tex
\xs_counta=\count190
\xs_countb=\count191
)
Package: xstring 2023/08/22 v1.86 String manipulations (CT)
)
(/usr/share/texlive/texmf-dist/tex/latex/base/ifthen.sty
Package: ifthen 2022/04/13 v1.1d Standard LaTeX ifthen package (DPC)
)
(/usr/share/texlive/texmf-dist/tex/latex/carlisle/scalefnt.sty)
LaTeX Font Info:    Setting ntxLF sub-encoding to TS1/0 on input line 24.
LaTeX Font Info:    Setting ntxTLF sub-encoding to TS1/0 on input line 24.
LaTeX Font Info:    Setting ntxOsF sub-encoding to TS1/0 on input line 24.
LaTeX Font Info:    Setting ntxTOsF sub-encoding to TS1/0 on input line 24.

(/usr/share/texlive/texmf-dist/tex/generic/kastrup/binhex.tex)
\ntx@tmpcnta=\count192
\ntx@cnt=\count193

(/usr/share/texlive/texmf-dist/tex/latex/fontaxes/fontaxes.sty
Package: fontaxes 2020/07/21 v1.0e Font selection axes
LaTeX Info: Redefining \upshape on input line 29.
LaTeX Info: Redefining \itshape on input line 31.
LaTeX Info: Redefining \slshape on input line 33.
LaTeX Info: Redefining \swshape on input line 35.
LaTeX Info: Redefining \scshape on input line 37.
LaTeX Info: Redefining \sscshape on input line 39.
LaTeX Info: Redefining \ulcshape on input line 41.
LaTeX Info: Redefining \textsw on input line 47.
LaTeX Info: Redefining \textssc on input line 48.
LaTeX Info: Redefining \textulc on input line 49.
)
\tx@sixem=\dimen140
\tx@y=\dimen141
\tx@x=\dimen142
\tx@tmpdima=\dimen143
\tx@tmpdimb=\dimen144
\tx@tmpdimc=\dimen145
\tx@tmpdimd=\dimen146
\tx@tmpdime=\dimen147
\tx@tmpdimf=\dimen148
\tx@dimA=\dimen149
\tx@dimAA=\dimen150
\tx@dimB=\dimen151
\tx@dimBB=\dimen152
\tx@dimC=\dimen153
LaTeX Info: Redefining \oldstylenums on input line 893.
)
(/usr/share/texlive/texmf-dist/tex/latex/memoir/memoir.cls
Document Class: memoir 2024/01/26 v3.8.2 configurable book, report, article doc
ument class
\onelineskip=\skip48
\lxvchars=\skip49
\xlvchars=\skip50
\@memcnta=\count194
\c@@memmarkcntra=\count195

! LaTeX Error: Command \@namelet already defined.
               Or name \end... illegal, see p.192 of the manual.

See the LaTeX manual or LaTeX Companion for explanation.
Type  H <return>  for immediate help.
 ...                                              
                                                  
l.97   \expandafter\let\csname #1\endcsname}
                                            
? 
! Interruption.
\GenericError  ...                                
                                                  \endgroup 
l.97   \expandafter\let\csname #1\endcsname}
                                            
? 
\trimtop=\skip51
\trimedge=\skip52
(/usr/share/texlive/texmf-dist/tex/latex/memoir/mem12.clo
File: mem12.clo 2022/07/29 v0.5 memoir class 12pt size option
)
\binding=\skip53
\spinemargin=\skip54
\foremargin=\skip55
\uppermargin=\skip56
\lowermargin=\skip57
\headdrop=\skip58
\normalrulethickness=\skip59
\mem@maxheadheight=\skip60
\mem@maxfootheight=\skip61
\headwidth=\skip62
\c@storedpagenumber=\count196
\memPD=\dimen154
\m@mabparskip=\skip63
\thanksmarkwidth=\skip64
\thanksmarksep=\skip65
\droptitle=\skip66
\c@book=\count197
\c@part=\count198
\c@chapter=\count199
\c@section=\count266
\c@subsection=\count267
\c@subsubsection=\count268
\c@paragraph=\count269
\c@subparagraph=\count270
\beforechapskip=\skip67
\midchapskip=\skip68
\afterchapskip=\skip69
\chapindent=\skip70
\bottomsectionskip=\skip71
\secindent=\skip72
\beforesecskip=\skip73
\aftersecskip=\skip74
\subsecindent=\skip75
\beforesubsecskip=\skip76
\aftersubsecskip=\skip77
\subsubsecindent=\skip78
\beforesubsubsecskip=\skip79
\aftersubsubsecskip=\skip80
\paraindent=\skip81
\beforeparaskip=\skip82
\afterparaskip=\skip83
\subparaindent=\skip84
\beforesubparaskip=\skip85
\aftersubparaskip=\skip86
\pfbreakskip=\skip87
\c@@ppsavesec=\count271
\c@@ppsaveapp=\count272
\ragrparindent=\dimen155
\everylistparindent=\dimen156
\parsepi=\skip88
\topsepi=\skip89
\itemsepi=\skip90
\parsepii=\skip91
\topsepii=\skip92
\topsepiii=\skip93
\itemsepii=\skip94
\itemsepiii=\skip95
\partopsepii=\skip96
\partopsepiii=\skip97
\m@msavetopsep=\skip98
\m@msavepartopsep=\skip99
\@enLab=\toks20
\abstitleskip=\skip100
\absleftindent=\skip101
\abs@leftindent=\dimen157
\absrightindent=\skip102
\absparindent=\skip103
\absparsep=\skip104
\c@vslineno=\count273
\c@poemline=\count274
\c@modulo@vs=\count275
\c@memfvsline=\count276
\vleftskip=\skip105
\vrightskip=\skip106
\stanzaskip=\skip107
\versewidth=\skip108
\vgap=\skip109
\vindent=\skip110
\vleftmargin=\dimen158
\c@verse=\count277
\c@chrsinstr=\count278
\beforepoemtitleskip=\skip111
\afterpoemtitleskip=\skip112
\c@poem=\count279
\beforePoemTitleskip=\skip113
\midPoemTitleskip=\skip114
\afterPoemTitleskip=\skip115

(/usr/share/texlive/texmf-dist/tex/latex/tools/array.sty
Package: array 2023/10/16 v2.5g Tabular extension package (FMi)
\col@sep=\dimen159
\ar@mcellbox=\box52
\extrarowheight=\dimen160
\NC@list=\toks21
\extratabsurround=\skip116
\backup@length=\skip117
\ar@cellbox=\box53
)
(/usr/share/texlive/texmf-dist/tex/latex/tools/dcolumn.sty
Package: dcolumn 2023/07/08 v1.06 decimal alignment package (DPC)
)
(/usr/share/texlive/texmf-dist/tex/latex/tools/delarray.sty
Package: delarray 2014/10/28 v1.01 array delimiter package (DPC)
)
(/usr/share/texlive/texmf-dist/tex/latex/tools/tabularx.sty
Package: tabularx 2023/07/08 v2.11c `tabularx' package (DPC)
\TX@col@width=\dimen161
\TX@old@table=\dimen162
\TX@old@col=\dimen163
\TX@target=\dimen164
\TX@delta=\dimen165
\TX@cols=\count280
\TX@ftn=\toks22
)
(/usr/share/texlive/texmf-dist/tex/latex/booktabs/booktabs.sty
Package: booktabs 2020/01/12 v1.61803398 Publication quality tables
\heavyrulewidth=\dimen166
\lightrulewidth=\dimen167
\cmidrulewidth=\dimen168
\belowrulesep=\dimen169
\belowbottomsep=\dimen170
\aboverulesep=\dimen171
\abovetopsep=\dimen172
\cmidrulesep=\dimen173
\cmidrulekern=\dimen174
\defaultaddspace=\dimen175
\@cmidla=\count281
\@cmidlb=\count282
\@aboverulesep=\dimen176
\@belowrulesep=\dimen177
\@thisruleclass=\count283
\@lastruleclass=\count284
\@thisrulewidth=\dimen178
)
\ctableftskip=\skip118
\ctabrightskip=\skip119
\abovecolumnspenalty=\count285
\@linestogo=\count286
\@cellstogo=\count287
\@cellsincolumn=\count288
\crtok=\toks23
\@mincolumnwidth=\dimen179
\c@newflo@tctr=\count289
\mem@margin@floatbox=\box54
\@contcwidth=\skip120
\@contindw=\skip121
\abovecaptionskip=\skip122
\belowcaptionskip=\skip123
\subfloattopskip=\skip124
\subfloatcapskip=\skip125
\subfloatcaptopadj=\skip126
\subfloatbottomskip=\skip127
\subfloatlabelskip=\skip128
\subfloatcapmargin=\dimen180
\c@@contsubnum=\count290
\m@mscap@capbox=\box55
\m@mscap@fbox=\box56
\sidecapsep=\dimen181
\sidecapwidth=\dimen182
\m@m@tempdima=\dimen183
\m@mscapraise=\dimen184
\sidecapraise=\dimen185
\m@mscapmainwidth=\dimen186
\m@mscaplkern=\dimen187
\beforeepigraphskip=\skip129
\afterepigraphskip=\skip130
\epigraphwidth=\skip131
\epigraphrule=\skip132
LaTeX Info: Redefining \em on input line 6932.
LaTeX Info: Redefining \emph on input line 6940.

(/usr/share/texlive/texmf-dist/tex/latex/hyperref/nameref.sty
Package: nameref 2023-11-26 v2.56 Cross-referencing by name of section

(/usr/share/texlive/texmf-dist/tex/latex/refcount/refcount.sty
Package: refcount 2019/12/15 v3.6 Data extraction from label references (HO)

(/usr/share/texlive/texmf-dist/tex/generic/infwarerr/infwarerr.sty
Package: infwarerr 2019/12/03 v1.5 Providing info/warning/error messages (HO)
))
(/usr/share/texlive/texmf-dist/tex/generic/gettitlestring/gettitlestring.sty
Package: gettitlestring 2019/12/15 v1.6 Cleanup title references (HO)
)
\c@section@level=\count291
)
\tocentryskip=\skip133
\tocbaseline=\skip134
\cftparskip=\skip135
\cftbeforebookskip=\skip136
\cftbookindent=\dimen188
\cftbooknumwidth=\dimen189
\cftbeforepartskip=\skip137
\cftpartindent=\skip138
\cftpartnumwidth=\skip139
\cftbeforechapterskip=\skip140
\cftchapterindent=\skip141
\cftchapternumwidth=\skip142
\cftbeforesectionskip=\skip143
\cftsectionindent=\skip144
\cftsectionnumwidth=\skip145
\cftbeforesubsectionskip=\skip146
\cftsubsectionindent=\skip147
\cftsubsectionnumwidth=\skip148
\cftbeforesubsubsectionskip=\skip149
\cftsubsubsectionindent=\skip150
\cftsubsubsectionnumwidth=\skip151
\cftbeforeparagraphskip=\skip152
\cftparagraphindent=\skip153
\cftparagraphnumwidth=\skip154
\cftbeforesubparagraphskip=\skip155
\cftsubparagraphindent=\skip156
\cftsubparagraphnumwidth=\skip157
\prechapterprecisshift=\dimen190
\c@maxsecnumdepth=\count292
\bibindent=\dimen191
\bibitemsep=\skip158
\indexcolsep=\skip159
\indexrule=\skip160
\indexmarkstyle=\toks24
\@indexbox=\insert252
LaTeX Info: Redefining \raggedbottom on input line 7935.
LaTeX Info: Redefining \flushbottom on input line 7939.
\glossarycolsep=\dimen192
\glossaryrule=\dimen193
\sideparvshift=\skip161
\sideins=\insert251
\sidebartopsep=\skip162
\sidebarhsep=\skip163
\sidebarvsep=\skip164
\sidebarwidth=\skip165
\footmarkwidth=\skip166
\footmarksep=\skip167
\footparindent=\skip168
\footinsdim=\skip169
\footinsv@r=\insert250
\@mpfootinsv@r=\insert249
\m@m@k=\count293
\m@m@h=\dimen194
\m@mipn@skip=\skip170
\sidefootins=\insert248
\sidefootadjust=\skip171
\sidefootheight=\skip172
\sidefoothsep=\skip173
\sidefootvsep=\skip174
\sidefootwidth=\skip175
\m@mdownsf=\skip176
\c@sidefootnote=\count294
\sidefootmarkwidth=\skip177
\sidefootmarksep=\skip178
\sidefootparindent=\skip179
\c@pagenote=\count295
\c@pagenoteshadow=\count296
\mem@pn@lastkern=\skip180

(/usr/share/texlive/texmf-dist/tex/latex/tools/verbatim.sty
Package: verbatim 2023-11-06 v1.5v LaTeX2e package for verbatim enhancements
\every@verbatim=\toks25
\verbatim@line=\toks26
\verbatim@in@stream=\read2
)
\verbatimindent=\skip181
\verbatim@out=\write3

(/usr/share/texlive/texmf-dist/tex/latex/base/shortvrb.sty
Package: shortvrb 2022/11/13 v3.0m Standard LaTeX documentation package V3 (FMi
)
)
\bvboxsep=\skip182
\c@memfbvline=\count297
\c@bvlinectr=\count298
\bvnumlength=\skip183
LaTeX Font Info:    Trying to load font information for OT1+minntx on input lin
e 10415.

(/usr/share/texlive/texmf-dist/tex/latex/newtx/ot1minntx.fd
File: ot1minntx.fd 2023/09/09 v1.1 font definition file for OT1/minntx
)
! Undefined control sequence.
<argument> \endboxverbatim 
                           
l.10471 ...melet{endboxedverbatim*}\endboxverbatim
                                                  
? 
! Interruption.
\XC@let@Nc ...after \let \expandafter #1\csname #2
                                                  \endcsname 
l.10471 ...melet{endboxedverbatim*}\endboxverbatim
                                                  
? 
\fb@frw=\dimen195
\fb@frh=\dimen196
\FrameRule=\dimen197
\FrameSep=\dimen198
\c@cp@cntr=\count299
\c@ism@mctr=\count300
\c@xsm@mctr=\count301
\c@csm@mctr=\count302
\c@ksm@mctr=\count303
\c@xksm@mctr=\count304
\c@cksm@mctr=\count305
\c@msm@mctr=\count306
\c@xmsm@mctr=\count307
\c@cmsm@mctr=\count308
\c@bsm@mctr=\count309
\c@workm@mctr=\count310
\c@sheetsequence=\count311
\c@lastsheet=\count312
\c@lastpage=\count313
(/usr/share/texlive/texmf-dist/tex/latex/textcase/textcase.sty
Package: textcase 2023/07/27 v1.04 Text only upper/lower case changing (DPC)
Package textcase Info: Defining Legacy names on input line 20.
)
\c@figure=\count314
\c@lofdepth=\count315
\cftbeforefigureskip=\skip184
\cftfigureindent=\skip185
\cftfigurenumwidth=\skip186
\c@table=\count316
\c@lotdepth=\count317
\cftbeforetableskip=\skip187
\cfttableindent=\skip188
\cfttablenumwidth=\skip189
Package abstract [2008/07/23] emulated by memoir.
Package appendix [2008/07/23] emulated by memoir.
Package ccaption [2008/07/23] emulated by memoir.
Package changepage [2008/07/23] emulated by memoir.
Package chngcntr [2008/07/23] emulated by memoir.
Package chngpage [2008/07/23] emulated by memoir.
Package crop emulated by memoir.
Package enumerate [2008/07/23] emulated by memoir.
Package epigraph [2008/07/23] emulated by memoir.
Package ifmtarg [2008/07/23] emulated by memoir.
Package index [2008/07/23] emulated by memoir.
Package makeidx [2008/07/23] emulated by memoir.
Package moreverb [2008/07/23] emulated by memoir.
Package needspace [2008/07/23] emulated by memoir.
Package newfile [2008/07/23] emulated by memoir.
Package nextpage [2008/07/23] emulated by memoir.
Package pagenote [2008/07/23] emulated by memoir.
Package parskip [2008/07/23] emulated by memoir.
Package patchcmd [2008/07/23] emulated by memoir.
Package setspace [2008/07/23] emulated by memoir.
Package shortvrb [2008/07/23] emulated by memoir.
Package showidx [2008/07/23] emulated by memoir.
Package titleref [2008/07/23] emulated by memoir.
Package titling [2008/07/23] emulated by memoir.
Package tocbibind [2008/07/23] emulated by memoir.
Package tocloft [2008/07/23] emulated by memoir.
Package tocvsec2 [2008/07/23] emulated by memoir.
Package verbatim [2008/07/23] emulated by memoir.
Package verse [2008/07/23] emulated by memoir.
)
(/usr/share/texlive/texmf-dist/tex/latex/base/inputenc.sty
Package: inputenc 2021/02/14 v1.3d Input encoding file
\inpenc@prehook=\toks27
\inpenc@posthook=\toks28
)
(/usr/share/texlive/texmf-dist/tex/latex/base/fontenc.sty
Package: fontenc 2021/04/29 v2.0v Standard LaTeX package
LaTeX Font Info:    Trying to load font information for T1+minntx on input line
 112.

(/usr/share/texlive/texmf-dist/tex/latex/newtx/t1minntx.fd
File: t1minntx.fd 2023/09/09 v1.1 font definition file for T1/minntx
))
(/usr/share/texlive/texmf-dist/tex/latex/microtype/microtype.sty
Package: microtype 2023/03/13 v3.1a Micro-typographical refinements (RS)
\MT@toks=\toks29
\MT@tempbox=\box57
\MT@count=\count318
LaTeX Info: Redefining \noprotrusionifhmode on input line 1059.
LaTeX Info: Redefining \leftprotrusion on input line 1060.
\MT@prot@toks=\toks30
LaTeX Info: Redefining \rightprotrusion on input line 1078.
LaTeX Info: Redefining \textls on input line 1368.
\MT@outer@kern=\dimen199
LaTeX Info: Redefining \textmicrotypecontext on input line 1988.
\MT@listname@count=\count319

(/usr/share/texlive/texmf-dist/tex/latex/microtype/microtype-pdftex.def
File: microtype-pdftex.def 2023/03/13 v3.1a Definitions specific to pdftex (RS)

LaTeX Info: Redefining \lsstyle on input line 902.
LaTeX Info: Redefining \lslig on input line 902.
\MT@outer@space=\skip190
)
Package microtype Info: Loading configuration file microtype.cfg.

(/usr/share/texlive/texmf-dist/tex/latex/microtype/microtype.cfg
File: microtype.cfg 2023/03/13 v3.1a microtype main configuration file (RS)
))
(/usr/share/texlive/texmf-dist/tex/generic/babel/babel.sty
Package: babel 2024/01/07 v24.1 The Babel package
\babel@savecnt=\count320
\U@D=\dimen256
\l@unhyphenated=\language89

(/usr/share/texlive/texmf-dist/tex/generic/babel/txtbabel.def)
\bbl@readstream=\read3
\bbl@dirlevel=\count321

(/usr/share/texlive/texmf-dist/tex/generic/babel-english/english.ldf
Language: english 2017/06/06 v3.3r English support from the babel system
Package babel Info: Hyphen rules for 'canadian' set to \l@english
(babel)             (\language0). Reported on input line 102.
Package babel Info: Hyphen rules for 'australian' set to \l@ukenglish
(babel)             (\language33). Reported on input line 105.
Package babel Info: Hyphen rules for 'newzealand' set to \l@ukenglish
(babel)             (\language33). Reported on input line 108.
)
(/usr/share/texlive/texmf-dist/tex/generic/babel-portuges/brazil.ldf
Language: portuges 2021/07/09 v1.2t Portuguese support from the babel system
Package babel Info: Hyphen rules for 'brazil' set to \l@portuguese
(babel)             (\language24). Reported on input line 111.
Package babel Info: Making " an active character on input line 143.
))
(/usr/share/texlive/texmf-dist/tex/generic/babel/locale/en/babel-english.tex
Package babel Info: Importing font and identification data for english
(babel)             from babel-en.ini. Reported on input line 11.
)
(/usr/share/texlive/texmf-dist/tex/latex/csquotes/csquotes.sty
Package: csquotes 2022-09-14 v5.2n context-sensitive quotations (JAW)
\csq@reset=\count322
\csq@gtype=\count323
\csq@glevel=\count324
\csq@qlevel=\count325
\csq@maxlvl=\count326
\csq@tshold=\count327
\csq@ltx@everypar=\toks31

(/usr/share/texlive/texmf-dist/tex/latex/csquotes/csquotes.def
File: csquotes.def 2022-09-14 v5.2n csquotes generic definitions (JAW)
)
Package csquotes Info: Trying to load configuration file 'csquotes.cfg'...
Package csquotes Info: ... configuration file loaded successfully.

(/usr/share/texlive/texmf-dist/tex/latex/csquotes/csquotes.cfg
File: csquotes.cfg 
))
(/usr/share/texlive/texmf-dist/tex/latex/tools/indentfirst.sty
Package: indentfirst 2023/07/02 v1.03 Indent first paragraph (DPC)
)

******************************************************
Stock height and width: 845.04684pt by 597.50787pt
Top and edge trims: 0pt and 0pt
Page height and width: 845.04684pt by 597.50787pt
Text height and width: 708pt by 455pt
Spine and edge margins: 85.35826pt and 56.9055pt
Upper and lower margins: 85.35826pt and 51.68858pt
Headheight and headsep: 14.5pt and 19.8738pt
Footskip: 30pt
Columnsep and columnseprule: 10pt and 0pt
Marginparsep and marginparwidth: 7pt and 42.9055pt
Sidecapsep and sidecapwidth: 7pt and 42pt
Sidebarhsep and sidebarwidth: 7pt and 42pt
Sidebarvsep and sidebartopsep: 14.5pt and 0pt
Sidebarheight: 590.14995pt
Sidefoothsep and sidefootwidth: 7pt and 42pt
Sidefootvsep and sidefootheight: 14.5pt and 590.14995pt
******************************************************

(/usr/share/texlive/texmf-dist/tex/latex/mathtools/mathtools.sty
Package: mathtools 2022/06/29 v1.29 mathematical typesetting tools

(/usr/share/texlive/texmf-dist/tex/latex/tools/calc.sty
Package: calc 2023/07/08 v4.3 Infix arithmetic (KKT,FJ)
\calc@Acount=\count328
\calc@Bcount=\count329
\calc@Adimen=\dimen257
\calc@Bdimen=\dimen258
\calc@Askip=\skip191
\calc@Bskip=\skip192
LaTeX Info: Redefining \setlength on input line 80.
LaTeX Info: Redefining \addtolength on input line 81.
\calc@Ccount=\count330
\calc@Cskip=\skip193
)
(/usr/share/texlive/texmf-dist/tex/latex/mathtools/mhsetup.sty
Package: mhsetup 2021/03/18 v1.4 programming setup (MH)
)
(/usr/share/texlive/texmf-dist/tex/latex/amsmath/amsmath.sty
Package: amsmath 2023/05/13 v2.17o AMS math features
\@mathmargin=\skip194

For additional information on amsmath, use the `?' option.
(/usr/share/texlive/texmf-dist/tex/latex/amsmath/amstext.sty
Package: amstext 2021/08/26 v2.01 AMS text

(/usr/share/texlive/texmf-dist/tex/latex/amsmath/amsgen.sty
File: amsgen.sty 1999/11/30 v2.0 generic functions
\@emptytoks=\toks32
\ex@=\dimen259
))
(/usr/share/texlive/texmf-dist/tex/latex/amsmath/amsbsy.sty
Package: amsbsy 1999/11/29 v1.2d Bold Symbols
\pmbraise@=\dimen260
)
(/usr/share/texlive/texmf-dist/tex/latex/amsmath/amsopn.sty
Package: amsopn 2022/04/08 v2.04 operator names
)
\inf@bad=\count331
LaTeX Info: Redefining \frac on input line 234.
\uproot@=\count332
\leftroot@=\count333
LaTeX Info: Redefining \overline on input line 399.
LaTeX Info: Redefining \colon on input line 410.
\classnum@=\count334
\DOTSCASE@=\count335
LaTeX Info: Redefining \ldots on input line 496.
LaTeX Info: Redefining \dots on input line 499.
LaTeX Info: Redefining \cdots on input line 620.
\Mathstrutbox@=\box58
\strutbox@=\box59
LaTeX Info: Redefining \big on input line 722.
LaTeX Info: Redefining \Big on input line 723.
LaTeX Info: Redefining \bigg on input line 724.
LaTeX Info: Redefining \Bigg on input line 725.
\big@size=\dimen261
LaTeX Font Info:    Redeclaring font encoding OML on input line 743.
LaTeX Font Info:    Redeclaring font encoding OMS on input line 744.
\macc@depth=\count336
LaTeX Info: Redefining \bmod on input line 905.
LaTeX Info: Redefining \pmod on input line 910.
LaTeX Info: Redefining \smash on input line 940.
LaTeX Info: Redefining \relbar on input line 970.
LaTeX Info: Redefining \Relbar on input line 971.
\c@MaxMatrixCols=\count337
\dotsspace@=\muskip16
\c@parentequation=\count338
\dspbrk@lvl=\count339
\tag@help=\toks33
\row@=\count340
\column@=\count341
\maxfields@=\count342
\andhelp@=\toks34
\eqnshift@=\dimen262
\alignsep@=\dimen263
\tagshift@=\dimen264
\tagwidth@=\dimen265
\totwidth@=\dimen266
\lineht@=\dimen267
\@envbody=\toks35
\multlinegap=\skip195
\multlinetaggap=\skip196
\mathdisplay@stack=\toks36
LaTeX Info: Redefining \[ on input line 2953.
LaTeX Info: Redefining \] on input line 2954.
)
\g_MT_multlinerow_int=\count343
\l_MT_multwidth_dim=\dimen268
\origjot=\skip197
\l_MT_shortvdotswithinadjustabove_dim=\dimen269
\l_MT_shortvdotswithinadjustbelow_dim=\dimen270
\l_MT_above_intertext_sep=\dimen271
\l_MT_below_intertext_sep=\dimen272
\l_MT_above_shortintertext_sep=\dimen273
\l_MT_below_shortintertext_sep=\dimen274
\xmathstrut@box=\box60
\xmathstrut@dim=\dimen275
)
(/usr/share/texmf/tex/latex/lm/lmodern.sty
Package: lmodern 2015/05/01 v1.6.1 Latin Modern Fonts
LaTeX Font Info:    Overwriting symbol font `operators' in version `normal'
(Font)                  OT1/cmr/m/n --> OT1/lmr/m/n on input line 22.
LaTeX Font Info:    Overwriting symbol font `letters' in version `normal'
(Font)                  OML/cmm/m/it --> OML/lmm/m/it on input line 23.
LaTeX Font Info:    Overwriting symbol font `symbols' in version `normal'
(Font)                  OMS/cmsy/m/n --> OMS/lmsy/m/n on input line 24.
LaTeX Font Info:    Overwriting symbol font `largesymbols' in version `normal'
(Font)                  OMX/cmex/m/n --> OMX/lmex/m/n on input line 25.
LaTeX Font Info:    Overwriting symbol font `operators' in version `bold'
(Font)                  OT1/cmr/bx/n --> OT1/lmr/bx/n on input line 26.
LaTeX Font Info:    Overwriting symbol font `letters' in version `bold'
(Font)                  OML/cmm/b/it --> OML/lmm/b/it on input line 27.
LaTeX Font Info:    Overwriting symbol font `symbols' in version `bold'
(Font)                  OMS/cmsy/b/n --> OMS/lmsy/b/n on input line 28.
LaTeX Font Info:    Overwriting symbol font `largesymbols' in version `bold'
(Font)                  OMX/cmex/m/n --> OMX/lmex/m/n on input line 29.
LaTeX Font Info:    Overwriting math alphabet `\mathbf' in version `normal'
(Font)                  OT1/cmr/bx/n --> OT1/lmr/bx/n on input line 31.
LaTeX Font Info:    Overwriting math alphabet `\mathsf' in version `normal'
(Font)                  OT1/cmss/m/n --> OT1/lmss/m/n on input line 32.
LaTeX Font Info:    Overwriting math alphabet `\mathit' in version `normal'
(Font)                  OT1/cmr/m/it --> OT1/lmr/m/it on input line 33.
LaTeX Font Info:    Overwriting math alphabet `\mathtt' in version `normal'
(Font)                  OT1/cmtt/m/n --> OT1/lmtt/m/n on input line 34.
LaTeX Font Info:    Overwriting math alphabet `\mathbf' in version `bold'
(Font)                  OT1/cmr/bx/n --> OT1/lmr/bx/n on input line 35.
LaTeX Font Info:    Overwriting math alphabet `\mathsf' in version `bold'
(Font)                  OT1/cmss/bx/n --> OT1/lmss/bx/n on input line 36.
LaTeX Font Info:    Overwriting math alphabet `\mathit' in version `bold'
(Font)                  OT1/cmr/bx/it --> OT1/lmr/bx/it on input line 37.
LaTeX Font Info:    Overwriting math alphabet `\mathtt' in version `bold'
(Font)                  OT1/cmtt/m/n --> OT1/lmtt/m/n on input line 38.
)
(/usr/share/texlive/texmf-dist/tex/latex/was/icomma.sty
Package: icomma 2002/03/10 v2.0 (WaS)
)
(/usr/share/texlive/texmf-dist/tex/latex/graphics/graphicx.sty
Package: graphicx 2021/09/16 v1.2d Enhanced LaTeX Graphics (DPC,SPQR)

(/usr/share/texlive/texmf-dist/tex/latex/graphics/graphics.sty
Package: graphics 2022/03/10 v1.4e Standard LaTeX Graphics (DPC,SPQR)

(/usr/share/texlive/texmf-dist/tex/latex/graphics/trig.sty
Package: trig 2021/08/11 v1.11 sin cos tan (DPC)
)
(/usr/share/texlive/texmf-dist/tex/latex/graphics-cfg/graphics.cfg
File: graphics.cfg 2016/06/04 v1.11 sample graphics configuration
)
Package graphics Info: Driver file: pdftex.def on input line 107.
)
\Gin@req@height=\dimen276
\Gin@req@width=\dimen277
)
(/usr/share/texlive/texmf-dist/tex/latex/morewrites/morewrites.sty
(/usr/share/texlive/texmf-dist/tex/latex/morewrites/primargs.sty
Package: primargs 2024/02/02 Parsing arguments of primitives
)
Package: morewrites 2024/02/02 Always room for a new write
\g__morewrites_later_int=\count344
\l__morewrites_user_int=\count345
\g__morewrites_iow=\write4
\g__morewrites_ior=\read4
\g__morewrites_group_level_int=\count346
\g__morewrites_shipout_box=\box61
\l__morewrites_collect_next_int=\count347
\g__morewrites_alloc_write_int=\count348
)
(/usr/share/texlive/texmf-dist/tex/latex/algorithm2e/algorithm2e.sty
Package: algorithm2e 2017/07/18 v5.2 algorithms environments
\c@AlgoLine=\count349
\algocf@hangindent=\skip198

(/usr/share/texlive/texmf-dist/tex/latex/ifoddpage/ifoddpage.sty
Package: ifoddpage 2022/10/18 v1.2 Conditionals for odd/even page detection
\c@checkoddpage=\count350
LaTeX Info: Redefining \checkoddpage on input line 45.
)
(/usr/share/texlive/texmf-dist/tex/latex/tools/xspace.sty
Package: xspace 2014/10/28 v1.13 Space after command names (DPC,MH)
)
(/usr/share/texlive/texmf-dist/tex/latex/relsize/relsize.sty
Package: relsize 2013/03/29 ver 4.1
)
\skiptotal=\skip199
\skiplinenumber=\skip256
\skiprule=\skip257
\skiphlne=\skip258
\skiptext=\skip259
\skiplength=\skip260
\algomargin=\skip261
\skipalgocfslide=\skip262
\algowidth=\dimen278
\inoutsize=\dimen279
\inoutindent=\dimen280
\interspacetitleruled=\dimen281
\interspacealgoruled=\dimen282
\interspacetitleboxruled=\dimen283
\algocf@ruledwidth=\skip263
\algocf@inoutbox=\box62
\algocf@inputbox=\box63
\AlCapSkip=\skip264
\AlCapHSkip=\skip265
\algoskipindent=\skip266
\algocf@nlbox=\box64
\algocf@hangingbox=\box65
\algocf@untilbox=\box66
\algocf@skipuntil=\skip267
\algocf@capbox=\box67
\algocf@lcaptionbox=\skip268
\algoheightruledefault=\skip269
\algoheightrule=\skip270
\algotitleheightruledefault=\skip271
\algotitleheightrule=\skip272
\c@algocfline=\count351
\c@algocfproc=\count352
\c@algocf=\count353
\algocf@algoframe=\box68
\algocf@algobox=\box69
)
(/usr/share/texlive/texmf-dist/tex/latex/amscls/amsthm.sty
Package: amsthm 2020/05/29 v2.20.6
\thm@style=\toks37
\thm@bodyfont=\toks38
\thm@headfont=\toks39
\thm@notefont=\toks40
\thm@headpunct=\toks41
\thm@preskip=\skip273
\thm@postskip=\skip274
\thm@headsep=\skip275
\dth@everypar=\toks42
)
(/usr/share/texlive/texmf-dist/tex/latex/thmtools/thmtools.sty
Package: thmtools 2023/05/04 v0.76
\thmt@toks=\toks43
\c@thmt@dummyctr=\count354

(/usr/share/texlive/texmf-dist/tex/latex/thmtools/thm-patch.sty
Package: thm-patch 2023/05/04 v0.76

(/usr/share/texlive/texmf-dist/tex/latex/thmtools/parseargs.sty
Package: parseargs 2023/05/04 v0.76
\@parsespec=\toks44
))
(/usr/share/texlive/texmf-dist/tex/latex/thmtools/thm-kv.sty
Package: thm-kv 2023/05/04 v0.76
Package thm-kv Info: Theorem names will be uppercased on input line 42.
Package thm-kv Info: kvsetkeys patch (v1.16 or later) on input line 158.
)
(/usr/share/texlive/texmf-dist/tex/latex/thmtools/thm-autoref.sty
Package: thm-autoref 2023/05/04 v0.76

(/usr/share/texlive/texmf-dist/tex/latex/thmtools/aliasctr.sty
Package: aliasctr 2023/05/04 v0.76
))
(/usr/share/texlive/texmf-dist/tex/latex/thmtools/thm-listof.sty
Package: thm-listof 2023/05/04 v0.76
)
(/usr/share/texlive/texmf-dist/tex/latex/thmtools/thm-restate.sty
Package: thm-restate 2023/05/04 v0.76
)
(/usr/share/texlive/texmf-dist/tex/latex/thmtools/thm-amsthm.sty
Package: thm-amsthm 2023/05/04 v0.76
\thmt@style@headstyle=\toks45
))
\c@axioma=\count355
\c@teorema=\count356
\c@lema=\count357
\c@hipotese=\count358
\c@proposicao=\count359
\c@conjectura=\count360
\c@paradoxo=\count361
\c@corolario=\count362
\c@definicao=\count363
\c@exemplo=\count364
\c@desenho=\count365
\cftbeforedesenhoskip=\skip276
\cftdesenhoindent=\skip277
\cftdesenhonumwidth=\skip278
\c@esquema=\count366
\cftbeforeesquemaskip=\skip279
\cftesquemaindent=\skip280
\cftesquemanumwidth=\skip281
\c@fotografia=\count367
\cftbeforefotografiaskip=\skip282
\cftfotografiaindent=\skip283
\cftfotografianumwidth=\skip284
\c@grafico=\count368
\cftbeforegraficoskip=\skip285
\cftgraficoindent=\skip286
\cftgraficonumwidth=\skip287
\c@mapa=\count369
\cftbeforemapaskip=\skip288
\cftmapaindent=\skip289
\cftmapanumwidth=\skip290
\c@diagrama=\count370
\cftbeforediagramaskip=\skip291
\cftdiagramaindent=\skip292
\cftdiagramanumwidth=\skip293
\c@fluxograma=\count371
\cftbeforefluxogramaskip=\skip294
\cftfluxogramaindent=\skip295
\cftfluxogramanumwidth=\skip296
\c@organograma=\count372
\cftbeforeorganogramaskip=\skip297
\cftorganogramaindent=\skip298
\cftorganogramanumwidth=\skip299
\c@planta=\count373
\cftbeforeplantaskip=\skip300
\cftplantaindent=\skip301
\cftplantanumwidth=\skip302
\c@quadro=\count374
\cftbeforequadroskip=\skip303
\cftquadroindent=\skip304
\cftquadronumwidth=\skip305
\c@retrato=\count375
\cftbeforeretratoskip=\skip306
\cftretratoindent=\skip307
\cftretratonumwidth=\skip308

(/usr/share/texlive/texmf-dist/tex/latex/enumitem/enumitem.sty
Package: enumitem 2019/06/20 v3.9 Customized lists
\labelindent=\skip309
\enit@outerparindent=\dimen284
\enit@toks=\toks46
\enit@inbox=\box70
\enit@count@id=\count376
\enitdp@description=\count377
)
\tocnumwidth=\skip310

(/usr/share/texlive/texmf-dist/tex/latex/pdfpages/pdfpages.sty
Package: pdfpages 2024/01/21 v0.5y Insert pages of external PDF documents (AM)

(/usr/share/texlive/texmf-dist/tex/latex/eso-pic/eso-pic.sty
Package: eso-pic 2023/05/03 v3.0c eso-pic (RN)
\ESO@tempdima=\dimen285
\ESO@tempdimb=\dimen286
)
\AM@pagewidth=\dimen287
\AM@pageheight=\dimen288
\AM@fboxrule=\dimen289

(/usr/share/texlive/texmf-dist/tex/latex/pdfpages/pppdftex.def
File: pppdftex.def 2024/01/21 v0.5y Pdfpages driver for pdfTeX (AM)
)
\pdfpages@includegraphics@status=\count378
\AM@pagebox=\box71
\AM@global@opts=\toks47
\AM@pagecnt=\count379
\AM@toc@title=\toks48
\AM@lof@heading=\toks49
\c@AM@survey=\count380
\AM@templatesizebox=\box72
)
(/usr/share/texlive/texmf-dist/tex/latex/imakeidx/imakeidx.sty
Package: imakeidx 2016/10/15 v1.3e Package for typesetting indices in a synchro
nous mode

(/usr/share/texlive/texmf-dist/tex/generic/iftex/ifxetex.sty
Package: ifxetex 2019/10/25 v0.7 ifxetex legacy package. Use iftex instead.
)
(/usr/share/texlive/texmf-dist/tex/generic/iftex/ifluatex.sty
Package: ifluatex 2019/10/25 v1.5 ifluatex legacy package. Use iftex instead.
)
(/usr/share/texlive/texmf-dist/tex/latex/tools/multicol.sty
Package: multicol 2023/03/30 v1.9f multicolumn formatting (FMi)
\c@tracingmulticols=\count381
\mult@box=\box73
\multicol@leftmargin=\dimen290
\c@unbalance=\count382
\c@collectmore=\count383
\doublecol@number=\count384
\multicoltolerance=\count385
\multicolpretolerance=\count386
\full@width=\dimen291
\page@free=\dimen292
\premulticols=\dimen293
\postmulticols=\dimen294
\multicolsep=\skip311
\multicolbaselineskip=\skip312
\partial@page=\box74
\last@line=\box75
\mc@boxedresult=\box76
\maxbalancingoverflow=\dimen295
\mult@rightbox=\box77
\mult@grightbox=\box78
\mult@firstbox=\box79
\mult@gfirstbox=\box80
\@tempa=\box81
\@tempa=\box82
\@tempa=\box83
\@tempa=\box84
\@tempa=\box85
\@tempa=\box86
\@tempa=\box87
\@tempa=\box88
\@tempa=\box89
\@tempa=\box90
\@tempa=\box91
\@tempa=\box92
\@tempa=\box93
\@tempa=\box94
\@tempa=\box95
\@tempa=\box96
\@tempa=\box97
\@tempa=\box98
\@tempa=\box99
\@tempa=\box100
\@tempa=\box101
\@tempa=\box102
\@tempa=\box103
\@tempa=\box104
\@tempa=\box105
\@tempa=\box106
\@tempa=\box107
\@tempa=\box108
\@tempa=\box109
\@tempa=\box110
\@tempa=\box111
\@tempa=\box112
\@tempa=\box113
\@tempa=\box114
\@tempa=\box115
\@tempa=\box116
\c@minrows=\count387
\c@columnbadness=\count388
\c@finalcolumnbadness=\count389
\last@try=\dimen296
\multicolovershoot=\dimen297
\multicolundershoot=\dimen298
\mult@nat@firstbox=\box117
\colbreak@box=\box118
\mc@col@check@num=\count390
))
(/usr/share/texlive/texmf-dist/tex/latex/pdfx/pdfx.sty
Package: pdfx 2019/02/27 v1.6.3 PDF/X and PDF/A support (CVR/HTH/RRM/PS)
\pdfx@minorversion=\count391

(/usr/share/texlive/texmf-dist/tex/generic/iftex/ifpdf.sty
Package: ifpdf 2019/10/25 v3.4 ifpdf legacy package. Use iftex instead.
)
(/usr/share/texlive/texmf-dist/tex/latex/everyshi/everyshi.sty
Package: everyshi 2020/11/18 v4.00 EveryShipout Package
){/var/lib/texmf/fonts/map/pdftex/updmap/pdftex.map}
(/usr/share/texlive/texmf-dist/tex/latex/pdfx/l8u-penc.def
File: l8u-penc.def 2017/06/23 v0.8 Custom LaTeX file, for UTF8 encoded letters 
and symbols
LaTeX Info: Composite with undeclared \b in encoding L8U on input line 278.
)
\pdfxsafeforxmp@toks=\toks50
\pdfx@tmptoks=\toks51

(/usr/share/texlive/texmf-dist/tex/latex/hyperref/hyperref.sty
Package: hyperref 2024-01-20 v7.01h Hypertext links for LaTeX

(/usr/share/texlive/texmf-dist/tex/generic/kvdefinekeys/kvdefinekeys.sty
Package: kvdefinekeys 2019-12-19 v1.6 Define keys (HO)
)
(/usr/share/texlive/texmf-dist/tex/generic/pdfescape/pdfescape.sty
Package: pdfescape 2019/12/09 v1.15 Implements pdfTeX's escape features (HO)

(/usr/share/texlive/texmf-dist/tex/generic/pdftexcmds/pdftexcmds.sty
Package: pdftexcmds 2020-06-27 v0.33 Utility functions of pdfTeX for LuaTeX (HO
)
Package pdftexcmds Info: \pdf@primitive is available.
Package pdftexcmds Info: \pdf@ifprimitive is available.
Package pdftexcmds Info: \pdfdraftmode found.
))
(/usr/share/texlive/texmf-dist/tex/latex/hycolor/hycolor.sty
Package: hycolor 2020-01-27 v1.10 Color options for hyperref/bookmark (HO)
)
(/usr/share/texlive/texmf-dist/tex/latex/auxhook/auxhook.sty
Package: auxhook 2019-12-17 v1.6 Hooks for auxiliary files (HO)
)
\@linkdim=\dimen299
\Hy@linkcounter=\count392
\Hy@pagecounter=\count393

(/usr/share/texlive/texmf-dist/tex/latex/hyperref/pd1enc.def
File: pd1enc.def 2024-01-20 v7.01h Hyperref: PDFDocEncoding definition (HO)
)
(/usr/share/texlive/texmf-dist/tex/generic/intcalc/intcalc.sty
Package: intcalc 2019/12/15 v1.3 Expandable calculations with integers (HO)
)
\Hy@SavedSpaceFactor=\count394

(/usr/share/texlive/texmf-dist/tex/latex/hyperref/puenc.def
File: puenc.def 2024-01-20 v7.01h Hyperref: PDF Unicode definition (HO)
)
Package hyperref Info: Option `pdfa' set `true' on input line 4062.
Package hyperref Info: Hyper figures OFF on input line 4179.
Package hyperref Info: Link nesting OFF on input line 4184.
Package hyperref Info: Hyper index ON on input line 4187.
Package hyperref Info: Plain pages OFF on input line 4194.
Package hyperref Info: Backreferencing OFF on input line 4199.
Package hyperref Info: Implicit mode ON; LaTeX internals redefined.
Package hyperref Info: Bookmarks ON on input line 4446.
\c@Hy@tempcnt=\count395

(/usr/share/texlive/texmf-dist/tex/latex/url/url.sty
\Urlmuskip=\muskip17
Package: url 2013/09/16  ver 3.4  Verb mode for urls, etc.
)
LaTeX Info: Redefining \url on input line 4784.
\XeTeXLinkMargin=\dimen300

(/usr/share/texlive/texmf-dist/tex/generic/bitset/bitset.sty
Package: bitset 2019/12/09 v1.3 Handle bit-vector datatype (HO)

(/usr/share/texlive/texmf-dist/tex/generic/bigintcalc/bigintcalc.sty
Package: bigintcalc 2019/12/15 v1.5 Expandable calculations on big integers (HO
)
))
\Fld@menulength=\count396
\Field@Width=\dimen301
\Fld@charsize=\dimen302
Package hyperref Info: Hyper figures OFF on input line 6063.
Package hyperref Info: Link nesting OFF on input line 6068.
Package hyperref Info: Hyper index ON on input line 6071.
Package hyperref Info: backreferencing OFF on input line 6078.
Package hyperref Info: Link coloring OFF on input line 6083.
Package hyperref Info: Link coloring with OCG OFF on input line 6088.
Package hyperref Info: PDF/A mode ON on input line 6091.

(/usr/share/texlive/texmf-dist/tex/latex/base/atbegshi-ltx.sty
Package: atbegshi-ltx 2021/01/10 v1.0c Emulation of the original atbegshi
package with kernel methods
)
\Hy@abspage=\count397
\c@Item=\count398
\c@Hfootnote=\count399
)
Package hyperref Info: Driver: hpdftex.

(/usr/share/texlive/texmf-dist/tex/latex/hyperref/hpdftex.def
File: hpdftex.def 2024-01-20 v7.01h Hyperref driver for pdfTeX

(/usr/share/texlive/texmf-dist/tex/latex/base/atveryend-ltx.sty
Package: atveryend-ltx 2020/08/19 v1.0a Emulation of the original atveryend pac
kage
with kernel methods
)
\Fld@listcount=\count400
\c@bookmark@seq@number=\count401

(/usr/share/texlive/texmf-dist/tex/latex/rerunfilecheck/rerunfilecheck.sty
Package: rerunfilecheck 2022-07-10 v1.10 Rerun checks for auxiliary files (HO)

(/usr/share/texlive/texmf-dist/tex/generic/uniquecounter/uniquecounter.sty
Package: uniquecounter 2019/12/15 v1.4 Provide unlimited unique counter (HO)
)
Package uniquecounter Info: New unique counter `rerunfilecheck' on input line 2
85.
)
\Hy@SectionHShift=\skip313
)
(/usr/share/texlive/texmf-dist/tex/latex/memoir/memhfixc.sty
Package: memhfixc 2023/09/10 v1.22 hyperref package fixes for memoir class
\c@memhycontfloat=\count402
\c@Hpagenote=\count403
)
Package hyperref Info: Option `unicode' set `true' on input line 1463.

(/usr/share/texlive/texmf-dist/tex/generic/stringenc/stringenc.sty
Package: stringenc 2019/11/29 v1.12 Convert strings between diff. encodings (HO
)
)
Package hyperref Info: Option `psdextra' set `true' on input line 1465.

(/usr/share/texlive/texmf-dist/tex/latex/hyperref/psdextra.def
File: psdextra.def 2024-01-20 v7.01h Hyperref: Additions to PDF string support
)
(/usr/share/texlive/texmf-dist/tex/generic/colorprofiles/colorprofiles.sty
Package: colorprofiles 2018/11/01 v1.0.1 color profiles for PDF/X and PDF/A sup
port

(/usr/share/texlive/texmf-dist/tex/generic/colorprofiles/colorprofiles.tex))
(/usr/share/texlive/texmf-dist/tex/generic/stringenc/se-pdfdoc.def
File: se-pdfdoc.def 2019/11/29 v1.12 stringenc: PDFDocEncoding
)
(/usr/share/texlive/texmf-dist/tex/latex/pdfx/AdobeColorProfiles.tex)
(/usr/share/texlive/texmf-dist/tex/latex/pdfx/8bit.def
File: 8bit.def 2008/03/30 v1.1d Input encoding file
)
** pdfx: No file principal.xmpdata . Metadata will be incomplete!
<<sRGB.icc>> (/usr/share/texlive/texmf-dist/tex/latex/pdfx/8bit.def
File: 8bit.def 2008/03/30 v1.1d Input encoding file
)
Package hyperref Info: Option `unicode' set `true' on input line 2411.
Package hyperref Info: Option `unicode' set `true' on input line 2412.

(/usr/share/texlive/texmf-dist/tex/generic/pdftex/glyphtounicode.tex)
(/usr/share/texlive/texmf-dist/tex/latex/pdfx/glyphtounicode-cmr.tex)
(/usr/share/texlive/texmf-dist/tex/latex/pdfx/glyphtounicode-ntx.tex)
(/usr/share/texlive/texmf-dist/tex/latex/xmpincl/xmpincl.sty
Package: xmpincl 2021/09/22 v2.4 Include XMP data in pdflatex
)
(/usr/share/texlive/texmf-dist/tex/latex/pdfx/8bit.def
File: 8bit.def 2008/03/30 v1.1d Input encoding file
)
Using XMP template file: pdfa.xmp
\xmpinclWrite=\write129
\xmpinclRead=\read5
\openout4 = `pdfa.xmpi'.

\openout4 = `principal.mw'.

\openout4 = `principal.mw'.

\openout4 = `principal.mw'.

\openout4 = `principal.mw'.

\openout4 = `principal.mw'.

\openout4 = `principal.mw'.

\openout4 = `principal.mw'.

\openout4 = `principal.mw'.

\openout4 = `principal.mw'.

\openout4 = `principal.mw'.

\openout4 = `principal.mw'.

\openout4 = `principal.mw'.

\openout4 = `principal.mw'.

\openout4 = `principal.mw'.

\openout4 = `principal.mw'.

\openout4 = `principal.mw'.

\openout4 = `principal.mw'.

\openout4 = `principal.mw'.

\openout4 = `principal.mw'.

\openout4 = `principal.mw'.

\openout4 = `principal.mw'.

\openout4 = `principal.mw'.

\openout4 = `principal.mw'.

\openout4 = `principal.mw'.

\openout4 = `principal.mw'.

\openout4 = `principal.mw'.

\openout4 = `principal.mw'.

\openout4 = `principal.mw'.

\openout4 = `principal.mw'.

\openout4 = `principal.mw'.

\openout4 = `principal.mw'.

\openout4 = `principal.mw'.

\openout4 = `principal.mw'.

\openout4 = `principal.mw'.

\openout4 = `principal.mw'.

\openout4 = `principal.mw'.

\openout4 = `principal.mw'.

\openout4 = `principal.mw'.

\openout4 = `principal.mw'.

\openout4 = `principal.mw'.

\openout4 = `principal.mw'.

\openout4 = `principal.mw'.

\openout4 = `principal.mw'.

\openout4 = `principal.mw'.

\openout4 = `principal.mw'.

\openout4 = `principal.mw'.

\openout4 = `principal.mw'.

\openout4 = `principal.mw'.

\openout4 = `principal.mw'.

\openout4 = `principal.mw'.

\openout4 = `principal.mw'.

\openout4 = `principal.mw'.

\openout4 = `principal.mw'.

\openout4 = `principal.mw'.

\openout4 = `principal.mw'.

\openout4 = `principal.mw'.

\openout4 = `principal.mw'.

\openout4 = `principal.mw'.

\openout4 = `principal.mw'.

\openout4 = `principal.mw'.

\openout4 = `principal.mw'.

\openout4 = `principal.mw'.

\openout4 = `principal.mw'.

\openout4 = `principal.mw'.

\openout4 = `principal.mw'.

\openout4 = `principal.mw'.

\openout4 = `principal.mw'.

\openout4 = `principal.mw'.

\openout4 = `principal.mw'.

\openout4 = `principal.mw'.

\openout4 = `principal.mw'.

\openout4 = `principal.mw'.

\openout4 = `principal.mw'.

\openout4 = `principal.mw'.

\openout4 = `principal.mw'.

\openout4 = `principal.mw'.

\openout4 = `principal.mw'.

\openout4 = `principal.mw'.

\openout4 = `principal.mw'.

\openout4 = `principal.mw'.

\openout4 = `principal.mw'.

\openout4 = `principal.mw'.

\openout4 = `principal.mw'.

\openout4 = `principal.mw'.

\openout4 = `principal.mw'.

\openout4 = `principal.mw'.

\openout4 = `principal.mw'.

\openout4 = `principal.mw'.

\openout4 = `principal.mw'.

\openout4 = `principal.mw'.

\openout4 = `principal.mw'.

\openout4 = `principal.mw'.

\openout4 = `principal.mw'.

\openout4 = `principal.mw'.

\openout4 = `principal.mw'.

\openout4 = `principal.mw'.

\openout4 = `principal.mw'.

\openout4 = `principal.mw'.

\openout4 = `principal.mw'.

\openout4 = `principal.mw'.

\openout4 = `principal.mw'.

\openout4 = `principal.mw'.

\openout4 = `principal.mw'.

\openout4 = `principal.mw'.

\openout4 = `principal.mw'.

\openout4 = `principal.mw'.

\openout4 = `principal.mw'.

\openout4 = `principal.mw'.

\openout4 = `principal.mw'.

\openout4 = `principal.mw'.

\openout4 = `principal.mw'.

\openout4 = `principal.mw'.

\openout4 = `principal.mw'.

\openout4 = `principal.mw'.

\openout4 = `principal.mw'.

\openout4 = `principal.mw'.

\openout4 = `principal.mw'.

\openout4 = `principal.mw'.

\openout4 = `principal.mw'.

\openout4 = `principal.mw'.

\openout4 = `principal.mw'.

\openout4 = `principal.mw'.

\openout4 = `principal.mw'.

\openout4 = `principal.mw'.

\openout4 = `principal.mw'.

\openout4 = `principal.mw'.

\openout4 = `principal.mw'.

\openout4 = `principal.mw'.

\openout4 = `principal.mw'.

\openout4 = `principal.mw'.

\openout4 = `principal.mw'.

\openout4 = `principal.mw'.

\openout4 = `principal.mw'.

\openout4 = `principal.mw'.

\openout4 = `principal.mw'.

\openout4 = `principal.mw'.

\openout4 = `principal.mw'.

\openout4 = `principal.mw'.

\openout4 = `principal.mw'.

\openout4 = `principal.mw'.

\openout4 = `principal.mw'.

\openout4 = `principal.mw'.

\openout4 = `principal.mw'.

\openout4 = `principal.mw'.

\openout4 = `principal.mw'.

\openout4 = `principal.mw'.

\openout4 = `principal.mw'.

\openout4 = `principal.mw'.

\openout4 = `principal.mw'.

\openout4 = `principal.mw'.

\openout4 = `principal.mw'.

\openout4 = `principal.mw'.

\openout4 = `principal.mw'.

\openout4 = `principal.mw'.

\openout4 = `principal.mw'.

\openout4 = `principal.mw'.

\openout4 = `principal.mw'.

\openout4 = `principal.mw'.

\openout4 = `principal.mw'.

\openout4 = `principal.mw'.

\openout4 = `principal.mw'.

\openout4 = `principal.mw'.

\openout4 = `principal.mw'.

\openout4 = `principal.mw'.

\openout4 = `pdfa.xmpi'.

<<pdfa.xmpi>>)

Package hyperref Warning: Option `pdftex' has already been used,
(hyperref)                setting the option has no effect on input line 625.

Package hyperref Info: Option `colorlinks' set `false' on input line 625.
(/usr/share/texlive/texmf-dist/tex/latex/biblatex/biblatex.sty
Package: biblatex 2023/03/05 v3.19 programmable bibliographies (PK/MW)

(/usr/share/texlive/texmf-dist/tex/latex/logreq/logreq.sty
Package: logreq 2010/08/04 v1.0 xml request logger
\lrq@indent=\count404

(/usr/share/texlive/texmf-dist/tex/latex/logreq/logreq.def
File: logreq.def 2010/08/04 v1.0 logreq spec v1.0
))
\c@tabx@nest=\count405
\c@listtotal=\count406
\c@listcount=\count407
\c@liststart=\count408
\c@liststop=\count409
\c@citecount=\count410
\c@citetotal=\count411
\c@multicitecount=\count412
\c@multicitetotal=\count413
\c@instcount=\count414
\c@maxnames=\count415
\c@minnames=\count416
\c@maxitems=\count417
\c@minitems=\count418
\c@citecounter=\count419
\c@maxcitecounter=\count420
\c@savedcitecounter=\count421
\c@uniquelist=\count422
\c@uniquename=\count423
\c@refsection=\count424
\c@refsegment=\count425
\c@maxextratitle=\count426
\c@maxextratitleyear=\count427
\c@maxextraname=\count428
\c@maxextradate=\count429
\c@maxextraalpha=\count430
\c@abbrvpenalty=\count431
\c@highnamepenalty=\count432
\c@lownamepenalty=\count433
\c@maxparens=\count434
\c@parenlevel=\count435
\blx@tempcnta=\count436
\blx@tempcntb=\count437
\blx@tempcntc=\count438
\c@blx@maxsection=\count439
\blx@maxsegment@0=\count440
\blx@notetype=\count441
\blx@parenlevel@text=\count442
\blx@parenlevel@foot=\count443
\blx@sectionciteorder@0=\count444
\blx@sectionciteorderinternal@0=\count445
\blx@entrysetcounter=\count446
\blx@biblioinstance=\count447
\labelnumberwidth=\skip314
\labelalphawidth=\skip315
\biblabelsep=\skip316
\bibnamesep=\skip317
\bibinitsep=\skip318
\bibparsep=\skip319
\bibhang=\skip320
\blx@bcfin=\read6
\blx@bcfout=\write130
\blx@langwohyphens=\language90
\c@mincomprange=\count448
\c@maxcomprange=\count449
\c@mincompwidth=\count450
Package biblatex Info: Trying to load biblatex default data model...
Package biblatex Info: ... file 'blx-dm.def' found.

(/usr/share/texlive/texmf-dist/tex/latex/biblatex/blx-dm.def
File: blx-dm.def 2023/03/05 v3.19 biblatex localization (PK/MW)
)
Package biblatex Info: Trying to load biblatex style data model...
Package biblatex Info: ... file 'abnt.dbx' not found.
Package biblatex Info: Trying to load biblatex custom data model...
Package biblatex Info: ... file 'biblatex-dm.cfg' not found.
\c@afterword=\count451
\c@savedafterword=\count452
\c@annotator=\count453
\c@savedannotator=\count454
\c@author=\count455
\c@savedauthor=\count456
\c@bookauthor=\count457
\c@savedbookauthor=\count458
\c@commentator=\count459
\c@savedcommentator=\count460
\c@editor=\count461
\c@savededitor=\count462
\c@editora=\count463
\c@savededitora=\count464
\c@editorb=\count465
\c@savededitorb=\count466
\c@editorc=\count467
\c@savededitorc=\count468
\c@foreword=\count469
\c@savedforeword=\count470
\c@holder=\count471
\c@savedholder=\count472
\c@introduction=\count473
\c@savedintroduction=\count474
\c@namea=\count475
\c@savednamea=\count476
\c@nameb=\count477
\c@savednameb=\count478
\c@namec=\count479
\c@savednamec=\count480
\c@translator=\count481
\c@savedtranslator=\count482
\c@shortauthor=\count483
\c@savedshortauthor=\count484
\c@shorteditor=\count485
\c@savedshorteditor=\count486
\c@labelname=\count487
\c@savedlabelname=\count488
\c@institution=\count489
\c@savedinstitution=\count490
\c@lista=\count491
\c@savedlista=\count492
\c@listb=\count493
\c@savedlistb=\count494
\c@listc=\count495
\c@savedlistc=\count496
\c@listd=\count497
\c@savedlistd=\count498
\c@liste=\count499
\c@savedliste=\count500
\c@listf=\count501
\c@savedlistf=\count502
\c@location=\count503
\c@savedlocation=\count504
\c@organization=\count505
\c@savedorganization=\count506
\c@origlocation=\count507
\c@savedoriglocation=\count508
\c@origpublisher=\count509
\c@savedorigpublisher=\count510
\c@publisher=\count511
\c@savedpublisher=\count512
\c@language=\count513
\c@savedlanguage=\count514
\c@origlanguage=\count515
\c@savedoriglanguage=\count516
\c@pageref=\count517
\c@savedpageref=\count518
\shorthandwidth=\skip321
\shortjournalwidth=\skip322
\shortserieswidth=\skip323
\shorttitlewidth=\skip324
\shortauthorwidth=\skip325
\shorteditorwidth=\skip326
\locallabelnumberwidth=\skip327
\locallabelalphawidth=\skip328
\localshorthandwidth=\skip329
\localshortjournalwidth=\skip330
\localshortserieswidth=\skip331
\localshorttitlewidth=\skip332
\localshortauthorwidth=\skip333
\localshorteditorwidth=\skip334
Package biblatex Info: Trying to load compatibility code...
Package biblatex Info: ... file 'blx-compat.def' found.

(/usr/share/texlive/texmf-dist/tex/latex/biblatex/blx-compat.def
File: blx-compat.def 2023/03/05 v3.19 biblatex compatibility (PK/MW)
)
Package biblatex Info: Trying to load generic definitions...
Package biblatex Info: ... file 'biblatex.def' found.

(/usr/share/texlive/texmf-dist/tex/latex/biblatex/biblatex.def
File: biblatex.def 2023/03/05 v3.19 biblatex compatibility (PK/MW)
\c@textcitecount=\count519
\c@textcitetotal=\count520
\c@textcitemaxnames=\count521
\c@biburlbigbreakpenalty=\count522
\c@biburlbreakpenalty=\count523
\c@biburlnumpenalty=\count524
\c@biburlucpenalty=\count525
\c@biburllcpenalty=\count526
\biburlbigskip=\muskip18
\biburlnumskip=\muskip19
\biburlucskip=\muskip20
\biburllcskip=\muskip21
\c@smartand=\count527
)
Package biblatex Info: Trying to load bibliography style 'abnt'...
Package biblatex Info: ... file 'abnt.bbx' found.

(/usr/share/texlive/texmf-dist/tex/latex/biblatex-abnt/abnt.bbx
File: abnt.bbx 2018-11-17 v3.4 ABNT BibLaTeX citation style
Package biblatex Info: Trying to load bibliography style 'standard'...
Package biblatex Info: ... file 'standard.bbx' found.

(/usr/share/texlive/texmf-dist/tex/latex/biblatex/bbx/standard.bbx
File: standard.bbx 2023/03/05 v3.19 biblatex bibliography style (PK/MW)
\c@bbx:relatedcount=\count528
\c@bbx:relatedtotal=\count529
))
Package biblatex Info: Trying to load citation style 'abnt'...
Package biblatex Info: ... file 'abnt.cbx' found.

(/usr/share/texlive/texmf-dist/tex/latex/biblatex-abnt/abnt.cbx
File: abnt.cbx 2018-11-17 v3.4 ABNT BibLaTeX citation style
Package biblatex Info: Trying to load citation style 'authoryear-comp'...
Package biblatex Info: ... file 'authoryear-comp.cbx' found.

(/usr/share/texlive/texmf-dist/tex/latex/biblatex/cbx/authoryear-comp.cbx
File: authoryear-comp.cbx 2023/03/05 v3.19 biblatex citation style (PK/MW)
Package biblatex Info: Redefining '\cite'.
Package biblatex Info: Redefining '\parencite'.
Package biblatex Info: Redefining '\footcite'.
Package biblatex Info: Redefining '\footcitetext'.
Package biblatex Info: Redefining '\smartcite'.
Package biblatex Info: Redefining '\textcite'.
Package biblatex Info: Redefining '\textcites'.
Package biblatex Info: Redefining '\cites'.
Package biblatex Info: Redefining '\parencites'.
Package biblatex Info: Redefining '\footcites'.
Package biblatex Info: Redefining '\footcitetexts'.
Package biblatex Info: Redefining '\smartcites'.
)
Package biblatex Info: Redefining '\cite'.
Package biblatex Info: Redefining '\cites'.
Package biblatex Info: Redefining '\footcite'.
Package biblatex Info: Redefining '\footcites'.
Package biblatex Info: Redefining '\citetitle'.
Package biblatex Info: Redefining '\smartcite'.
Package biblatex Info: Redefining '\citeauthor'.
Package biblatex Info: Redefining '\citeyear'.
)
Package biblatex Info: Trying to load configuration file...
Package biblatex Info: ... file 'biblatex.cfg' found.

(/usr/share/texlive/texmf-dist/tex/latex/biblatex/biblatex.cfg
File: biblatex.cfg 
)
Package biblatex Info: Input encoding 'utf8' detected.
Package biblatex Info: Document encoding is UTF8 ....
Package biblatex Info: ... and expl3
(biblatex)             2024-01-22 L3 programming layer (loader) 
(biblatex)             is new enough (at least 2020/04/06),
(biblatex)             setting 'casechanger=expl3'.

(/usr/share/texlive/texmf-dist/tex/latex/biblatex/blx-case-expl3.sty
Package: blx-case-expl3 2023/03/05 v3.19 expl3 case changing code for biblatex
)))
(/usr/share/texlive/texmf-dist/tex/latex/todonotes/todonotes.sty
Package: todonotes 2024/01/05 v1.1.7 Todonotes source and documentation.
Package: todonotes 2024/01/05

(/usr/share/texlive/texmf-dist/tex/latex/pgf/frontendlayer/tikz.sty
(/usr/share/texlive/texmf-dist/tex/latex/pgf/basiclayer/pgf.sty
(/usr/share/texlive/texmf-dist/tex/latex/pgf/utilities/pgfrcs.sty
(/usr/share/texlive/texmf-dist/tex/generic/pgf/utilities/pgfutil-common.tex
\pgfutil@everybye=\toks52
\pgfutil@tempdima=\dimen303
\pgfutil@tempdimb=\dimen304
)
(/usr/share/texlive/texmf-dist/tex/generic/pgf/utilities/pgfutil-latex.def
\pgfutil@abb=\box119
)
(/usr/share/texlive/texmf-dist/tex/generic/pgf/utilities/pgfrcs.code.tex
(/usr/share/texlive/texmf-dist/tex/generic/pgf/pgf.revision.tex)
Package: pgfrcs 2023-01-15 v3.1.10 (3.1.10)
))
Package: pgf 2023-01-15 v3.1.10 (3.1.10)

(/usr/share/texlive/texmf-dist/tex/latex/pgf/basiclayer/pgfcore.sty
(/usr/share/texlive/texmf-dist/tex/latex/pgf/systemlayer/pgfsys.sty
(/usr/share/texlive/texmf-dist/tex/generic/pgf/systemlayer/pgfsys.code.tex
Package: pgfsys 2023-01-15 v3.1.10 (3.1.10)

(/usr/share/texlive/texmf-dist/tex/generic/pgf/utilities/pgfkeys.code.tex
\pgfkeys@pathtoks=\toks53
\pgfkeys@temptoks=\toks54

(/usr/share/texlive/texmf-dist/tex/generic/pgf/utilities/pgfkeyslibraryfiltered
.code.tex
\pgfkeys@tmptoks=\toks55
))
\pgf@x=\dimen305
\pgf@y=\dimen306
\pgf@xa=\dimen307
\pgf@ya=\dimen308
\pgf@xb=\dimen309
\pgf@yb=\dimen310
\pgf@xc=\dimen311
\pgf@yc=\dimen312
\pgf@xd=\dimen313
\pgf@yd=\dimen314
\w@pgf@writea=\write131
\r@pgf@reada=\read7
\c@pgf@counta=\count530
\c@pgf@countb=\count531
\c@pgf@countc=\count532
\c@pgf@countd=\count533
\t@pgf@toka=\toks56
\t@pgf@tokb=\toks57
\t@pgf@tokc=\toks58
\pgf@sys@id@count=\count534
 (/usr/share/texlive/texmf-dist/tex/generic/pgf/systemlayer/pgf.cfg
File: pgf.cfg 2023-01-15 v3.1.10 (3.1.10)
)
Driver file for pgf: pgfsys-pdftex.def
(/usr/share/texlive/texmf-dist/tex/generic/pgf/systemlayer/pgfsys-pdftex.def
File: pgfsys-pdftex.def 2023-01-15 v3.1.10 (3.1.10)

(/usr/share/texlive/texmf-dist/tex/generic/pgf/systemlayer/pgfsys-common-pdf.de
f
File: pgfsys-common-pdf.def 2023-01-15 v3.1.10 (3.1.10)
)))
(/usr/share/texlive/texmf-dist/tex/generic/pgf/systemlayer/pgfsyssoftpath.code.
tex
File: pgfsyssoftpath.code.tex 2023-01-15 v3.1.10 (3.1.10)
\pgfsyssoftpath@smallbuffer@items=\count535
\pgfsyssoftpath@bigbuffer@items=\count536
)
(/usr/share/texlive/texmf-dist/tex/generic/pgf/systemlayer/pgfsysprotocol.code.
tex
File: pgfsysprotocol.code.tex 2023-01-15 v3.1.10 (3.1.10)
))
(/usr/share/texlive/texmf-dist/tex/generic/pgf/basiclayer/pgfcore.code.tex
Package: pgfcore 2023-01-15 v3.1.10 (3.1.10)

(/usr/share/texlive/texmf-dist/tex/generic/pgf/math/pgfmath.code.tex
(/usr/share/texlive/texmf-dist/tex/generic/pgf/math/pgfmathutil.code.tex)
(/usr/share/texlive/texmf-dist/tex/generic/pgf/math/pgfmathparser.code.tex
\pgfmath@dimen=\dimen315
\pgfmath@count=\count537
\pgfmath@box=\box120
\pgfmath@toks=\toks59
\pgfmath@stack@operand=\toks60
\pgfmath@stack@operation=\toks61
)
(/usr/share/texlive/texmf-dist/tex/generic/pgf/math/pgfmathfunctions.code.tex)
(/usr/share/texlive/texmf-dist/tex/generic/pgf/math/pgfmathfunctions.basic.code
.tex)
(/usr/share/texlive/texmf-dist/tex/generic/pgf/math/pgfmathfunctions.trigonomet
ric.code.tex)
(/usr/share/texlive/texmf-dist/tex/generic/pgf/math/pgfmathfunctions.random.cod
e.tex)
(/usr/share/texlive/texmf-dist/tex/generic/pgf/math/pgfmathfunctions.comparison
.code.tex)
(/usr/share/texlive/texmf-dist/tex/generic/pgf/math/pgfmathfunctions.base.code.
tex)
(/usr/share/texlive/texmf-dist/tex/generic/pgf/math/pgfmathfunctions.round.code
.tex)
(/usr/share/texlive/texmf-dist/tex/generic/pgf/math/pgfmathfunctions.misc.code.
tex)
(/usr/share/texlive/texmf-dist/tex/generic/pgf/math/pgfmathfunctions.integerari
thmetics.code.tex)
(/usr/share/texlive/texmf-dist/tex/generic/pgf/math/pgfmathcalc.code.tex)
(/usr/share/texlive/texmf-dist/tex/generic/pgf/math/pgfmathfloat.code.tex
\c@pgfmathroundto@lastzeros=\count538
))
(/usr/share/texlive/texmf-dist/tex/generic/pgf/math/pgfint.code.tex)
(/usr/share/texlive/texmf-dist/tex/generic/pgf/basiclayer/pgfcorepoints.code.te
x
File: pgfcorepoints.code.tex 2023-01-15 v3.1.10 (3.1.10)
\pgf@picminx=\dimen316
\pgf@picmaxx=\dimen317
\pgf@picminy=\dimen318
\pgf@picmaxy=\dimen319
\pgf@pathminx=\dimen320
\pgf@pathmaxx=\dimen321
\pgf@pathminy=\dimen322
\pgf@pathmaxy=\dimen323
\pgf@xx=\dimen324
\pgf@xy=\dimen325
\pgf@yx=\dimen326
\pgf@yy=\dimen327
\pgf@zx=\dimen328
\pgf@zy=\dimen329
)
(/usr/share/texlive/texmf-dist/tex/generic/pgf/basiclayer/pgfcorepathconstruct.
code.tex
File: pgfcorepathconstruct.code.tex 2023-01-15 v3.1.10 (3.1.10)
\pgf@path@lastx=\dimen330
\pgf@path@lasty=\dimen331
)
(/usr/share/texlive/texmf-dist/tex/generic/pgf/basiclayer/pgfcorepathusage.code
.tex
File: pgfcorepathusage.code.tex 2023-01-15 v3.1.10 (3.1.10)
\pgf@shorten@end@additional=\dimen332
\pgf@shorten@start@additional=\dimen333
)
(/usr/share/texlive/texmf-dist/tex/generic/pgf/basiclayer/pgfcorescopes.code.te
x
File: pgfcorescopes.code.tex 2023-01-15 v3.1.10 (3.1.10)
\pgfpic=\box121
\pgf@hbox=\box122
\pgf@layerbox@main=\box123
\pgf@picture@serial@count=\count539
)
(/usr/share/texlive/texmf-dist/tex/generic/pgf/basiclayer/pgfcoregraphicstate.c
ode.tex
File: pgfcoregraphicstate.code.tex 2023-01-15 v3.1.10 (3.1.10)
\pgflinewidth=\dimen334
)
(/usr/share/texlive/texmf-dist/tex/generic/pgf/basiclayer/pgfcoretransformation
s.code.tex
File: pgfcoretransformations.code.tex 2023-01-15 v3.1.10 (3.1.10)
\pgf@pt@x=\dimen335
\pgf@pt@y=\dimen336
\pgf@pt@temp=\dimen337
)
(/usr/share/texlive/texmf-dist/tex/generic/pgf/basiclayer/pgfcorequick.code.tex
File: pgfcorequick.code.tex 2023-01-15 v3.1.10 (3.1.10)
)
(/usr/share/texlive/texmf-dist/tex/generic/pgf/basiclayer/pgfcoreobjects.code.t
ex
File: pgfcoreobjects.code.tex 2023-01-15 v3.1.10 (3.1.10)
)
(/usr/share/texlive/texmf-dist/tex/generic/pgf/basiclayer/pgfcorepathprocessing
.code.tex
File: pgfcorepathprocessing.code.tex 2023-01-15 v3.1.10 (3.1.10)
)
(/usr/share/texlive/texmf-dist/tex/generic/pgf/basiclayer/pgfcorearrows.code.te
x
File: pgfcorearrows.code.tex 2023-01-15 v3.1.10 (3.1.10)
\pgfarrowsep=\dimen338
)
(/usr/share/texlive/texmf-dist/tex/generic/pgf/basiclayer/pgfcoreshade.code.tex
File: pgfcoreshade.code.tex 2023-01-15 v3.1.10 (3.1.10)
\pgf@max=\dimen339
\pgf@sys@shading@range@num=\count540
\pgf@shadingcount=\count541
)
(/usr/share/texlive/texmf-dist/tex/generic/pgf/basiclayer/pgfcoreimage.code.tex
File: pgfcoreimage.code.tex 2023-01-15 v3.1.10 (3.1.10)
)
(/usr/share/texlive/texmf-dist/tex/generic/pgf/basiclayer/pgfcoreexternal.code.
tex
File: pgfcoreexternal.code.tex 2023-01-15 v3.1.10 (3.1.10)
\pgfexternal@startupbox=\box124
)
(/usr/share/texlive/texmf-dist/tex/generic/pgf/basiclayer/pgfcorelayers.code.te
x
File: pgfcorelayers.code.tex 2023-01-15 v3.1.10 (3.1.10)
)
(/usr/share/texlive/texmf-dist/tex/generic/pgf/basiclayer/pgfcoretransparency.c
ode.tex
File: pgfcoretransparency.code.tex 2023-01-15 v3.1.10 (3.1.10)
)
(/usr/share/texlive/texmf-dist/tex/generic/pgf/basiclayer/pgfcorepatterns.code.
tex
File: pgfcorepatterns.code.tex 2023-01-15 v3.1.10 (3.1.10)
)
(/usr/share/texlive/texmf-dist/tex/generic/pgf/basiclayer/pgfcorerdf.code.tex
File: pgfcorerdf.code.tex 2023-01-15 v3.1.10 (3.1.10)
)))
(/usr/share/texlive/texmf-dist/tex/generic/pgf/modules/pgfmoduleshapes.code.tex
File: pgfmoduleshapes.code.tex 2023-01-15 v3.1.10 (3.1.10)
\pgfnodeparttextbox=\box125
) (/usr/share/texlive/texmf-dist/tex/generic/pgf/modules/pgfmoduleplot.code.tex
File: pgfmoduleplot.code.tex 2023-01-15 v3.1.10 (3.1.10)
)
(/usr/share/texlive/texmf-dist/tex/latex/pgf/compatibility/pgfcomp-version-0-65
.sty
Package: pgfcomp-version-0-65 2023-01-15 v3.1.10 (3.1.10)
\pgf@nodesepstart=\dimen340
\pgf@nodesepend=\dimen341
)
(/usr/share/texlive/texmf-dist/tex/latex/pgf/compatibility/pgfcomp-version-1-18
.sty
Package: pgfcomp-version-1-18 2023-01-15 v3.1.10 (3.1.10)
)) (/usr/share/texlive/texmf-dist/tex/latex/pgf/utilities/pgffor.sty
(/usr/share/texlive/texmf-dist/tex/latex/pgf/utilities/pgfkeys.sty
(/usr/share/texlive/texmf-dist/tex/generic/pgf/utilities/pgfkeys.code.tex))
(/usr/share/texlive/texmf-dist/tex/latex/pgf/math/pgfmath.sty
(/usr/share/texlive/texmf-dist/tex/generic/pgf/math/pgfmath.code.tex))
(/usr/share/texlive/texmf-dist/tex/generic/pgf/utilities/pgffor.code.tex
Package: pgffor 2023-01-15 v3.1.10 (3.1.10)
\pgffor@iter=\dimen342
\pgffor@skip=\dimen343
\pgffor@stack=\toks62
\pgffor@toks=\toks63
))
(/usr/share/texlive/texmf-dist/tex/generic/pgf/frontendlayer/tikz/tikz.code.tex
Package: tikz 2023-01-15 v3.1.10 (3.1.10)

(/usr/share/texlive/texmf-dist/tex/generic/pgf/libraries/pgflibraryplothandlers
.code.tex
File: pgflibraryplothandlers.code.tex 2023-01-15 v3.1.10 (3.1.10)
\pgf@plot@mark@count=\count542
\pgfplotmarksize=\dimen344
)
\tikz@lastx=\dimen345
\tikz@lasty=\dimen346
\tikz@lastxsaved=\dimen347
\tikz@lastysaved=\dimen348
\tikz@lastmovetox=\dimen349
\tikz@lastmovetoy=\dimen350
\tikzleveldistance=\dimen351
\tikzsiblingdistance=\dimen352
\tikz@figbox=\box126
\tikz@figbox@bg=\box127
\tikz@tempbox=\box128
\tikz@tempbox@bg=\box129
\tikztreelevel=\count543
\tikznumberofchildren=\count544
\tikznumberofcurrentchild=\count545
\tikz@fig@count=\count546

(/usr/share/texlive/texmf-dist/tex/generic/pgf/modules/pgfmodulematrix.code.tex
File: pgfmodulematrix.code.tex 2023-01-15 v3.1.10 (3.1.10)
\pgfmatrixcurrentrow=\count547
\pgfmatrixcurrentcolumn=\count548
\pgf@matrix@numberofcolumns=\count549
)
\tikz@expandcount=\count550

(/usr/share/texlive/texmf-dist/tex/generic/pgf/frontendlayer/tikz/libraries/tik
zlibrarytopaths.code.tex
File: tikzlibrarytopaths.code.tex 2023-01-15 v3.1.10 (3.1.10)
)))
(/usr/share/texlive/texmf-dist/tex/generic/pgf/frontendlayer/tikz/libraries/tik
zlibrarypositioning.code.tex
File: tikzlibrarypositioning.code.tex 2023-01-15 v3.1.10 (3.1.10)
)
\c@@todonotes@numberoftodonotes=\count551
)
(/usr/share/texlive/texmf-dist/tex/latex/colortbl/colortbl.sty
Package: colortbl 2022/06/20 v1.0f Color table columns (DPC)
\everycr=\toks64
\minrowclearance=\skip335
\rownum=\count552
) (./info.tex)
(/usr/share/texlive/texmf-dist/tex/latex/acronym/acronym.sty
Package: acronym 2020/04/17 v1.47 Support for acronyms (Tobias Oetiker)

(/usr/share/texlive/texmf-dist/tex/latex/bigfoot/suffix.sty
Package: suffix 2006/07/15 1.5a Variant command support
)
\AC@clearlist=\toks65
)
(/usr/share/texlive/texmf-dist/tex/latex/glossaries/base/glossaries.sty
Package: glossaries 2023/09/29 v4.53 (NLCT)

(/usr/share/texlive/texmf-dist/tex/latex/mfirstuc/mfirstuc.sty
Package: mfirstuc 2022/10/14 v2.08 (NLCT)
\@glsmfirst=\toks66
\@glsmrest=\toks67
)
(/usr/share/texlive/texmf-dist/tex/latex/xfor/xfor.sty
Package: xfor 2009/02/05 v1.05 (NLCT)
)
(/usr/share/texlive/texmf-dist/tex/latex/datatool/datatool-base.sty
Package: datatool-base 2019/09/27 v2.32 (NLCT)

(/usr/share/texlive/texmf-dist/tex/latex/substr/substr.sty
Package: substr 2009/10/20 v1.2 Handle substrings
\c@su@anzahl=\count553
)
(/usr/share/texlive/texmf-dist/tex/latex/datatool/datatool-fp.sty
Package: datatool-fp 2019/09/27 v2.32 (NLCT)

(/usr/share/texlive/texmf-dist/tex/latex/fp/fp.sty
Package: fp 1995/04/02

`Fixed Point Package', Version 0.8, April 2, 1995 (C) Michael Mehlich
(/usr/share/texlive/texmf-dist/tex/latex/fp/defpattern.sty
Package: defpattern 1994/10/12
\actioncount=\count554
)
(/usr/share/texlive/texmf-dist/tex/latex/fp/fp-basic.sty
Package: fp-basic 1996/05/13
\FP@xs=\count555
\FP@xia=\count556
\FP@xib=\count557
\FP@xfa=\count558
\FP@xfb=\count559
\FP@rega=\count560
\FP@regb=\count561
\FP@regs=\count562
\FP@times=\count563
)
(/usr/share/texlive/texmf-dist/tex/latex/fp/fp-addons.sty
Package: fp-addons 1995/03/15
)
(/usr/share/texlive/texmf-dist/tex/latex/fp/fp-snap.sty
Package: fp-snap 1995/04/05
)
(/usr/share/texlive/texmf-dist/tex/latex/fp/fp-exp.sty
Package: fp-exp 1995/04/03
)
(/usr/share/texlive/texmf-dist/tex/latex/fp/fp-trigo.sty
Package: fp-trigo 1995/04/14
)
(/usr/share/texlive/texmf-dist/tex/latex/fp/fp-pas.sty
Package: fp-pas 1994/08/29
)
(/usr/share/texlive/texmf-dist/tex/latex/fp/fp-random.sty
Package: fp-random 1995/02/23
\FPseed=\count564
)
(/usr/share/texlive/texmf-dist/tex/latex/fp/fp-eqn.sty
Package: fp-eqn 1995/04/03
)
(/usr/share/texlive/texmf-dist/tex/latex/fp/fp-upn.sty
Package: fp-upn 1996/10/21
)
(/usr/share/texlive/texmf-dist/tex/latex/fp/fp-eval.sty
Package: fp-eval 1995/04/03
)))
\@dtl@toks=\toks68
\@dtl@tmpcount=\count565
\dtl@tmplength=\skip336
\dtl@sortresult=\count566
\@dtl@numgrpsepcount=\count567
\@dtl@datatype=\count568
\dtl@codeA=\count569
\dtl@codeB=\count570
\@dtl@foreach@level=\count571
)
(/usr/share/texlive/texmf-dist/tex/latex/tracklang/tracklang.sty
Package: tracklang 2022/12/13 v1.6.1 (NLCT) Track Languages

(/usr/share/texlive/texmf-dist/tex/generic/tracklang/tracklang.tex))
(/usr/share/texlive/texmf-dist/tex/latex/translator/translator.sty
Package: translator 2021-05-31 v1.12d Easy translation of strings in LaTeX
)
(/usr/share/texlive/texmf-dist/tex/latex/glossaries-portuges/glossaries-pt-BR.l
df
File: glossaries-pt-BR.ldf 2014/11/23 v1.0

(/usr/share/texlive/texmf-dist/tex/latex/glossaries-portuges/glossaries-portuge
s-utf8.ldf))
(/usr/share/texlive/texmf-dist/tex/latex/glossaries-english/glossaries-english.
ldf
File: glossaries-english.ldf 2014/11/23 v1.0
)
\gls@level=\count572
\@gls@tmpb=\toks69
\gls@tmplen=\skip337


Package glossaries Warning: Overriding \printglossary on input line 6158.


Package glossaries Warning: Overriding `theglossary' environment on input line 
6752.

\glskeylisttok=\toks70
\glslabeltok=\toks71
\glsshorttok=\toks72
\glslongtok=\toks73

(/usr/share/texlive/texmf-dist/tex/latex/glossaries/styles/glossary-hypernav.st
y
Package: glossary-hypernav 2023/09/29 v4.53 (NLCT)
) (/usr/share/texlive/texmf-dist/tex/latex/glossaries/styles/glossary-list.sty
Package: glossary-list 2023/09/29 v4.53 (NLCT)
\glslistdottedwidth=\skip338
) (/usr/share/texlive/texmf-dist/tex/latex/glossaries/styles/glossary-long.sty
Package: glossary-long 2023/09/29 v4.53 (NLCT)

(/usr/share/texlive/texmf-dist/tex/latex/tools/longtable.sty
Package: longtable 2023-11-01 v4.19 Multi-page Table package (DPC)
\LTleft=\skip339
\LTright=\skip340
\LTpre=\skip341
\LTpost=\skip342
\LTchunksize=\count573
\LTcapwidth=\dimen353
\LT@head=\box130
\LT@firsthead=\box131
\LT@foot=\box132
\LT@lastfoot=\box133
\LT@gbox=\box134
\LT@cols=\count574
\LT@rows=\count575
\c@LT@tables=\count576
\c@LT@chunks=\count577
\LT@p@ftn=\toks74
)
\glsdescwidth=\skip343
\glspagelistwidth=\skip344
)
(/usr/share/texlive/texmf-dist/tex/latex/glossaries/styles/glossary-super.sty
Package: glossary-super 2023/09/29 v4.53 (NLCT)

(/usr/share/texlive/texmf-dist/tex/latex/supertabular/supertabular.sty
Package: supertabular 2020/02/02 v4.1g the supertabular environment
\c@tracingst=\count578
\ST@wd=\dimen354
\ST@rightskip=\skip345
\ST@leftskip=\skip346
\ST@parfillskip=\skip347
\ST@pageleft=\dimen355
\ST@headht=\dimen356
\ST@tailht=\dimen357
\ST@pagesofar=\dimen358
\ST@pboxht=\dimen359
\ST@lineht=\dimen360
\ST@prevht=\dimen361
\ST@toadd=\dimen362
\ST@dimen=\dimen363
\ST@pbox=\box135
))
(/usr/share/texlive/texmf-dist/tex/latex/glossaries/styles/glossary-tree.sty
Package: glossary-tree 2023/09/29 v4.53 (NLCT)
\glstreeindent=\skip348
))
(./Texto/glossaries.tex)
\principal@idxfile=\write132
\openout4 = `principal.idx'.


Writing index file principal.idx
\glswrite=\write133
\glo@main@file=\write134
\openout4 = `principal.glo'.

Package glossaries Info: Writing glossary file principal.glo on input line 48.
\glo@symbols@file=\write135
\openout4 = `principal.slo'.

Package glossaries Info: Writing glossary file principal.slo on input line 48.
LaTeX Font Info:    Trying to load font information for T1+ntxtlf on input line
 50.
(/usr/share/texlive/texmf-dist/tex/latex/newtx/t1ntxtlf.fd
File: t1ntxtlf.fd 2021/05/24 v1.1 font definition file for T1/ntx/tlf
)
LaTeX Font Info:    Font shape `T1/ntxtlf/m/n' will be
(Font)              scaled to size 12.0pt on input line 50.
Package csquotes Info: Checking for multilingual support...
Package csquotes Info: ... found 'babel' package.
Package csquotes Info: Adjusting default style.
Package csquotes Info: Redefining alias 'default' -> 'brazil'.


LaTeX Warning: Unused global option(s):
    [deposito].

(./principal.aux)
\openout1 = `principal.aux'.

LaTeX Font Info:    Checking defaults for OML/cmm/m/it on input line 50.
LaTeX Font Info:    ... okay on input line 50.
LaTeX Font Info:    Checking defaults for OMS/cmsy/m/n on input line 50.
LaTeX Font Info:    ... okay on input line 50.
LaTeX Font Info:    Checking defaults for OT1/cmr/m/n on input line 50.
LaTeX Font Info:    ... okay on input line 50.
LaTeX Font Info:    Checking defaults for T1/cmr/m/n on input line 50.
LaTeX Font Info:    ... okay on input line 50.
LaTeX Font Info:    Checking defaults for TS1/cmr/m/n on input line 50.
LaTeX Font Info:    ... okay on input line 50.
LaTeX Font Info:    Checking defaults for OMX/cmex/m/n on input line 50.
LaTeX Font Info:    ... okay on input line 50.
LaTeX Font Info:    Checking defaults for U/cmr/m/n on input line 50.
LaTeX Font Info:    ... okay on input line 50.
LaTeX Font Info:    Checking defaults for PD1/pdf/m/n on input line 50.
LaTeX Font Info:    ... okay on input line 50.
LaTeX Font Info:    Checking defaults for PU/pdf/m/n on input line 50.
LaTeX Font Info:    ... okay on input line 50.

(/usr/share/texlive/texmf-dist/tex/context/base/mkii/supp-pdf.mkii
[Loading MPS to PDF converter (version 2006.09.02).]
\scratchcounter=\count579
\scratchdimen=\dimen364
\scratchbox=\box136
\nofMPsegments=\count580
\nofMParguments=\count581
\everyMPshowfont=\toks75
\MPscratchCnt=\count582
\MPscratchDim=\dimen365
\MPnumerator=\count583
\makeMPintoPDFobject=\count584
\everyMPtoPDFconversion=\toks76
) (/usr/share/texlive/texmf-dist/tex/latex/epstopdf-pkg/epstopdf-base.sty
Package: epstopdf-base 2020-01-24 v2.11 Base part for package epstopdf
Package epstopdf-base Info: Redefining graphics rule for `.eps' on input line 4
85.

(/usr/share/texlive/texmf-dist/tex/latex/latexconfig/epstopdf-sys.cfg
File: epstopdf-sys.cfg 2010/07/13 v1.3 Configuration of (r)epstopdf for TeX Liv
e
))
\c@mv@tabular=\count585
\c@mv@boldtabular=\count586
LaTeX Info: Redefining \microtypecontext on input line 50.
Package microtype Info: Applying patch `item' on input line 50.
Package microtype Info: Applying patch `toc' on input line 50.
Package microtype Info: Applying patch `eqnum' on input line 50.
Package microtype Info: Applying patch `footnote' on input line 50.
Package microtype Info: Applying patch `verbatim' on input line 50.
Package microtype Info: Generating PDF output.
Package microtype Info: Character protrusion enabled (level 2).
Package microtype Info: Using default protrusion set `alltext'.
Package microtype Info: Automatic font expansion enabled (level 2),
(microtype)             stretch: 20, shrink: 20, step: 1, non-selected.
Package microtype Info: Using default expansion set `alltext-nott'.
LaTeX Info: Redefining \showhyphens on input line 50.
Package microtype Info: No adjustment of tracking.
Package microtype Info: No adjustment of interword spacing.
Package microtype Info: No adjustment of character kerning.

(/usr/share/texlive/texmf-dist/tex/latex/microtype/mt-ptm.cfg
File: mt-ptm.cfg 2006/04/20 v1.7 microtype config. file: Times (RS)
)
(/usr/share/texlive/texmf-dist/tex/latex/pdflscape/pdflscape.sty
Package: pdflscape 2022-10-27 v0.13 Display of landscape pages in PDF

(/usr/share/texlive/texmf-dist/tex/latex/pdflscape/pdflscape-nometadata.sty
Package: pdflscape-nometadata 2022-10-28 v0.13 Display of landscape pages in PD
F (HO)

(/usr/share/texlive/texmf-dist/tex/latex/graphics/lscape.sty
Package: lscape 2020/05/28 v3.02 Landscape Pages (DPC)
)
Package pdflscape Info: Auto-detected driver: pdftex on input line 81.
))
Package hyperref Info: Link coloring OFF on input line 50.
\@outlinefile=\write136
\openout4 = `principal.out'.

Package biblatex Info: Trying to load language 'brazil' -> 'brazil-abnt'...
Package biblatex Info: ... file 'brazil-abnt.lbx' found.

(/usr/share/texlive/texmf-dist/tex/latex/biblatex-abnt/brazil-abnt.lbx
File: brazil-abnt.lbx 2018-11-17 v3.4 ABNT BibLaTeX citation style


Package biblatex Warning: File 'brazilian-abnt-abnt.lbx' not found!
(biblatex)                Ignoring mapping 'brazilian-abnt' -> 'brazilian-abnt-
abnt'.

Package biblatex Info: Trying to load language 'brazilian-abnt'...
Package biblatex Info: ... file 'brazilian-abnt.lbx' found.
(/usr/share/texlive/texmf-dist/tex/latex/biblatex-abnt/brazilian-abnt.lbx
File: brazilian-abnt.lbx 2018-11-17 v3.4 ABNT BibLaTeX citation style
Package biblatex Info: Trying to load language 'brazilian' -> 'brazilian-abnt'.
..
Package biblatex Info: ... file 'brazilian-abnt.lbx' found.

(/usr/share/texlive/texmf-dist/tex/latex/biblatex-abnt/brazilian-abnt.lbx
File: brazilian-abnt.lbx 2018-11-17 v3.4 ABNT BibLaTeX citation style
Package biblatex Info: Trying to load language 'brazilian'...
Package biblatex Info: ... file 'brazilian.lbx' found.

(/usr/share/texlive/texmf-dist/tex/latex/biblatex/lbx/brazilian.lbx
File: brazilian.lbx 2023/03/05 v3.19 biblatex localization (PK/MW)
)))
Package biblatex Info: Trying to load language 'brazilian-abnt'...
Package biblatex Info: ... file 'brazilian-abnt.lbx' found.

(/usr/share/texlive/texmf-dist/tex/latex/biblatex-abnt/brazilian-abnt.lbx
File: brazilian-abnt.lbx 2018-11-17 v3.4 ABNT BibLaTeX citation style
Package biblatex Info: Trying to load language 'brazilian' -> 'brazilian-abnt'.
..
Package biblatex Info: ... file 'brazilian-abnt.lbx' found.

(/usr/share/texlive/texmf-dist/tex/latex/biblatex-abnt/brazilian-abnt.lbx
File: brazilian-abnt.lbx 2018-11-17 v3.4 ABNT BibLaTeX citation style
Package biblatex Info: Trying to load language 'brazilian'...
Package biblatex Info: ... file 'brazilian.lbx' found.

(/usr/share/texlive/texmf-dist/tex/latex/biblatex/lbx/brazilian.lbx
File: brazilian.lbx 2023/03/05 v3.19 biblatex localization (PK/MW)
)
Package biblatex Info: Trying to load language 'brazil'...
Package biblatex Info: ... file 'brazil.lbx' found.

(/usr/share/texlive/texmf-dist/tex/latex/biblatex/lbx/brazil.lbx
File: brazil.lbx 2023/03/05 v3.19 biblatex localization (PK/MW)
Package biblatex Info: Trying to load language 'brazilian'...
Package biblatex Info: ... file 'brazilian.lbx' found.

(/usr/share/texlive/texmf-dist/tex/latex/biblatex/lbx/brazilian.lbx
File: brazilian.lbx 2023/03/05 v3.19 biblatex localization (PK/MW)
)))
Package biblatex Info: Trying to load language 'brazil'...
Package biblatex Info: ... file 'brazil.lbx' found.

(/usr/share/texlive/texmf-dist/tex/latex/biblatex/lbx/brazil.lbx
File: brazil.lbx 2023/03/05 v3.19 biblatex localization (PK/MW)
Package biblatex Info: Trying to load language 'brazilian' -> 'brazilian-abnt'.
..
Package biblatex Info: ... file 'brazilian-abnt.lbx' found.

(/usr/share/texlive/texmf-dist/tex/latex/biblatex-abnt/brazilian-abnt.lbx
File: brazilian-abnt.lbx 2018-11-17 v3.4 ABNT BibLaTeX citation style
Package biblatex Info: Trying to load language 'brazilian'...
Package biblatex Info: ... file 'brazilian.lbx' found.

(/usr/share/texlive/texmf-dist/tex/latex/biblatex/lbx/brazilian.lbx
File: brazilian.lbx 2023/03/05 v3.19 biblatex localization (PK/MW)
)
Package biblatex Info: Trying to load language 'brazil'...
Package biblatex Info: ... file 'brazil.lbx' found.

(/usr/share/texlive/texmf-dist/tex/latex/biblatex/lbx/brazil.lbx
File: brazil.lbx 2023/03/05 v3.19 biblatex localization (PK/MW)
Package biblatex Info: Trying to load language 'brazilian'...
Package biblatex Info: ... file 'brazilian.lbx' found.

(/usr/share/texlive/texmf-dist/tex/latex/biblatex/lbx/brazilian.lbx
File: brazilian.lbx 2023/03/05 v3.19 biblatex localization (PK/MW)
))))))
Package biblatex Info: Trying to load language 'english' -> 'english-abnt'...
Package biblatex Info: ... file 'english-abnt.lbx' found.

(/usr/share/texlive/texmf-dist/tex/latex/biblatex-abnt/english-abnt.lbx
File: english-abnt.lbx 2018-11-17 v3.4 ABNT BibLaTeX citation style
Package biblatex Info: Trying to load language 'english'...
Package biblatex Info: ... file 'english.lbx' found.

(/usr/share/texlive/texmf-dist/tex/latex/biblatex/lbx/english.lbx
File: english.lbx 2023/03/05 v3.19 biblatex localization (PK/MW)
)
Package biblatex Info: Trying to load language 'english'...
Package biblatex Info: ... file 'english.lbx' found.

(/usr/share/texlive/texmf-dist/tex/latex/biblatex/lbx/english.lbx
File: english.lbx 2023/03/05 v3.19 biblatex localization (PK/MW)
)
Package biblatex Info: Trying to load language 'english'...
Package biblatex Info: ... file 'english.lbx' found.

(/usr/share/texlive/texmf-dist/tex/latex/biblatex/lbx/english.lbx
File: english.lbx 2023/03/05 v3.19 biblatex localization (PK/MW)
))
Package biblatex Info: Input encoding 'utf8' detected.
Package biblatex Info: Automatic encoding selection.
(biblatex)             Assuming data encoding 'utf8'.
Package biblatex Info: Input encoding 'ascii' forced by
(biblatex)             'safeinputenc' option.
\openout4 = `principal.bcf'.

\openout4 = `principal.mw'.

\openout4 = `principal.mw'.

Package biblatex Info: Trying to load bibliographic data...
Package biblatex Info: ... file 'principal.bbl' not found.

No file principal.bbl.
Package biblatex Info: Reference section=0 on input line 50.
Package biblatex Info: Reference segment=0 on input line 50.

Package todonotes Warning: The length marginparwidth is less than 2cm and will 
most likely cause issues with the appearance of inserted todonotes. The issue c
an be solved by adding a line like \setlength {\marginparwidth }{2cm} prior to 
loading the todonotes package. on input line 50.

Package hyperref Info: bookmark level for unknown todo defaults to 0 on input l
ine 54.
LaTeX Font Info:    Font shape `T1/ntxtlf/m/n' will be
(Font)              scaled to size 8.0pt on input line 54.

LaTeX Warning: Marginpar on page 1 moved by 0.01201pt.


LaTeX Warning: Marginpar on page 1 moved by 0.02402pt.


LaTeX Warning: Marginpar on page 1 moved by 0.03603pt.


LaTeX Warning: Marginpar on page 1 moved by 0.04803pt.

LaTeX Font Info:    Font shape `T1/ntxtlf/b/n' will be
(Font)              scaled to size 12.0pt on input line 54.

Overfull \hbox (1.99673pt too wide) in paragraph at lines 54--54
[][][]\T1/ntxtlf/m/n/8 (-20) ALTERAR[]  
 []


Overfull \hbox (1.99673pt too wide) in paragraph at lines 54--54
[][][]\T1/ntxtlf/m/n/8 (-20) ALTERAR[]  
 []


LaTeX Warning: Marginpar on page 1 moved by 0.06004pt.


LaTeX Warning: Marginpar on page 1 moved by 0.00806pt.

\openout4 = `principal.mw'.

[1

{/usr/share/texlive/texmf-dist/fonts/enc/dvips/newtx/ntx-ec-tlf.enc}]
(./principal.mw)
\openout4 = `principal.mw'.

\openout4 = `principal.ist'.

\openout4 = `principal.mw'.

\openout4 = `principal.mw'.

\openout4 = `principal.mw'.

\openout4 = `principal.mw'.

\openout4 = `principal.mw'.

\openout4 = `principal.mw'.

\openout4 = `principal.mw'.

\openout4 = `principal.mw'.

\openout4 = `principal.mw'.

\openout4 = `principal.mw'.

\openout4 = `principal.mw'.

\openout4 = `principal.mw'.

\openout4 = `principal.mw'.

\openout4 = `principal.mw'.

\openout4 = `principal.mw'.

\openout4 = `principal.mw'.

\openout4 = `principal.mw'.

\openout4 = `principal.mw'.

\openout4 = `principal.mw'.

\openout4 = `principal.mw'.

\openout4 = `principal.mw'.

\openout4 = `principal.mw'.

\openout4 = `principal.mw'.

\openout4 = `principal.mw'.

\openout4 = `principal.mw'.

\openout4 = `principal.mw'.

\openout4 = `principal.mw'.

\openout4 = `principal.mw'.

\openout4 = `principal.mw'.

\openout4 = `principal.mw'.

\openout4 = `principal.mw'.

\openout4 = `principal.mw'.

\openout4 = `principal.mw'.

\openout4 = `principal.mw'.

\openout4 = `principal.mw'.

\openout4 = `principal.mw'.

\openout4 = `principal.mw'.

\openout4 = `principal.mw'.

\openout4 = `principal.mw'.

\openout4 = `principal.mw'.

\openout4 = `principal.mw'.

\openout4 = `principal.mw'.

\openout4 = `principal.mw'.

\openout4 = `principal.mw'.

\openout4 = `principal.mw'.

\openout4 = `principal.mw'.

\openout4 = `principal.mw'.

\openout4 = `principal.mw'.

\openout4 = `principal.mw'.

\openout4 = `principal.mw'.

\openout4 = `principal.mw'.

\openout4 = `principal.mw'.

\openout4 = `principal.mw'.

\openout4 = `principal.mw'.

\openout4 = `principal.mw'.

\openout4 = `principal.mw'.

\openout4 = `principal.mw'.

\openout4 = `principal.mw'.

\openout4 = `principal.ist'.



LaTeX Warning: Marginpar on page 1 moved by 0.01201pt.


LaTeX Warning: Marginpar on page 1 moved by 0.02402pt.


LaTeX Warning: Marginpar on page 1 moved by 0.03603pt.


LaTeX Warning: Marginpar on page 1 moved by 0.04803pt.


Overfull \hbox (1.99673pt too wide) in paragraph at lines 54--54
[][][]\T1/ntxtlf/m/n/8 (-20) ALTERAR[]  
 []


Overfull \hbox (1.99673pt too wide) in paragraph at lines 54--54
[][][]\T1/ntxtlf/m/n/8 (-20) ALTERAR[]  
 []

LaTeX Font Info:    Trying to load font information for OT1+lmr on input line 5
6.
(/usr/share/texmf/tex/latex/lm/ot1lmr.fd
File: ot1lmr.fd 2015/05/01 v1.6.1 Font defs for Latin Modern
)
(/usr/share/texlive/texmf-dist/tex/latex/microtype/mt-cmr.cfg
File: mt-cmr.cfg 2013/05/19 v2.2 microtype config. file: Computer Modern Roman 
(RS)
)
LaTeX Font Info:    Trying to load font information for OML+lmm on input line 5
6.

(/usr/share/texmf/tex/latex/lm/omllmm.fd
File: omllmm.fd 2015/05/01 v1.6.1 Font defs for Latin Modern
)
LaTeX Font Info:    Trying to load font information for OMS+lmsy on input line 
56.

(/usr/share/texmf/tex/latex/lm/omslmsy.fd
File: omslmsy.fd 2015/05/01 v1.6.1 Font defs for Latin Modern
)
LaTeX Font Info:    Trying to load font information for OMX+lmex on input line 
56.

(/usr/share/texmf/tex/latex/lm/omxlmex.fd
File: omxlmex.fd 2015/05/01 v1.6.1 Font defs for Latin Modern
)
LaTeX Font Info:    External font `lmex10' loaded for size
(Font)              <12> on input line 56.
LaTeX Font Info:    External font `lmex10' loaded for size
(Font)              <8> on input line 56.
LaTeX Font Info:    External font `lmex10' loaded for size
(Font)              <6> on input line 56.

pdfTeX warning (ext4): destination with the same identifier (name{page.1}) has 
been already used, duplicate ignored
<to be read again> 
                   \relax 
l.56 \end{folhaderosto}
                       
\openout4 = `principal.mw'.

 [1

] (./principal.mw)
\openout4 = `principal.mw'.


No file principal.toc.
\openout4 = `principal.mw'.

[2


] (./principal.mw)
\openout4 = `principal.mw'.

<ficha.pdf, id=38, 597.51233pt x 845.0471pt>
File: ficha.pdf Graphic file (type pdf)
<use ficha.pdf>
Package pdftex.def Info: ficha.pdf  used on input line 96.
(pdftex.def)             Requested size: 597.51086pt x 845.04504pt.
File: ficha.pdf Graphic file (type pdf)
<use ficha.pdf>
Package pdftex.def Info: ficha.pdf  used on input line 96.
(pdftex.def)             Requested size: 597.51086pt x 845.04504pt.
<ficha.pdf, id=41, page=1, 597.51233pt x 845.0471pt>
File: ficha.pdf Graphic file (type pdf)
<use ficha.pdf, page 1>
Package pdftex.def Info: ficha.pdf , page1 used on input line 96.
(pdftex.def)             Requested size: 597.51086pt x 845.04504pt.
File: ficha.pdf Graphic file (type pdf)
<use ficha.pdf, page 1>
Package pdftex.def Info: ficha.pdf , page1 used on input line 96.
(pdftex.def)             Requested size: 597.53821pt x 845.08372pt.
File: ficha.pdf Graphic file (type pdf)
<use ficha.pdf, page 1>
Package pdftex.def Info: ficha.pdf , page1 used on input line 96.
(pdftex.def)             Requested size: 597.53821pt x 845.08372pt.
File: ficha.pdf Graphic file (type pdf)
<use ficha.pdf, page 1>
Package pdftex.def Info: ficha.pdf , page1 used on input line 96.
(pdftex.def)             Requested size: 597.53821pt x 845.08372pt.

pdfTeX warning (ext4): destination with the same identifier (name{page.2}) has 
been already used, duplicate ignored
<to be read again> 
                   \relax 
l.96 }
      
File: ficha.pdf Graphic file (type pdf)
<use ficha.pdf, page 1>
Package pdftex.def Info: ficha.pdf , page1 used on input line 96.
(pdftex.def)             Requested size: 597.53821pt x 845.08372pt.
\openout4 = `principal.mw'.

 [2


 <./ficha.pdf>] (./principal.mw)
\openout4 = `principal.mw'.

<ata.pdf, id=47, 614.295pt x 794.97pt>
File: ata.pdf Graphic file (type pdf)
<use ata.pdf>
Package pdftex.def Info: ata.pdf  used on input line 96.
(pdftex.def)             Requested size: 614.29349pt x 794.96806pt.
File: ata.pdf Graphic file (type pdf)
<use ata.pdf>
Package pdftex.def Info: ata.pdf  used on input line 96.
(pdftex.def)             Requested size: 614.29349pt x 794.96806pt.
<ata.pdf, id=50, page=1, 614.295pt x 794.97pt>
File: ata.pdf Graphic file (type pdf)
<use ata.pdf, page 1>
Package pdftex.def Info: ata.pdf , page1 used on input line 96.
(pdftex.def)             Requested size: 614.29349pt x 794.96806pt.
File: ata.pdf Graphic file (type pdf)
<use ata.pdf, page 1>
Package pdftex.def Info: ata.pdf , page1 used on input line 96.
(pdftex.def)             Requested size: 597.78697pt x 773.60669pt.
File: ata.pdf Graphic file (type pdf)
<use ata.pdf, page 1>
Package pdftex.def Info: ata.pdf , page1 used on input line 96.
(pdftex.def)             Requested size: 597.78697pt x 773.60669pt.
File: ata.pdf Graphic file (type pdf)
<use ata.pdf, page 1>
Package pdftex.def Info: ata.pdf , page1 used on input line 96.
(pdftex.def)             Requested size: 597.78697pt x 773.60669pt.
File: ata.pdf Graphic file (type pdf)
<use ata.pdf, page 1>
Package pdftex.def Info: ata.pdf , page1 used on input line 96.
(pdftex.def)             Requested size: 597.78697pt x 773.60669pt.
\openout4 = `principal.mw'.

 [3


 <./ata.pdf>] (./principal.mw)
\openout4 = `principal.mw'.


(./Texto/dedicatoria.tex) (./Texto/agradecimentos.tex
\openout4 = `principal.mw'.

 [4


] (./principal.mw)
\openout4 = `principal.mw'.

\openout4 = `principal.mw'.


[5

] (./principal.mw)
\openout4 = `principal.mw'.

) (./Texto/epigrafe.tex
\openout4 = `principal.mw'.

\openout4 = `principal.mw'.



LaTeX Warning: Citation 'george_bernard' undefined on input line 2.

)
\openout4 = `principal.mw'.

 [6


] (./principal.mw)
\openout4 = `principal.mw'.


No file principal.lof.
\openout4 = `principal.mw'.

[7

] (./principal.mw)
\openout4 = `principal.mw'.


No file principal.lot.
\openout4 = `principal.mw'.

[8


] (./principal.mw)
\openout4 = `principal.mw'.


No file principal.loa.
\openout4 = `principal.mw'.

[9


] (./principal.mw)
\openout4 = `principal.mw'.

 (./Texto/resumo.tex
\openout4 = `principal.mw'.

 [10

] (./principal.mw)
\openout4 = `principal.mw'.

\openout4 = `principal.mw'.

\openout4 = `principal.mw'.

\openout4 = `principal.mw'.

\openout4 = `principal.mw'.

\openout4 = `principal.mw'.

\openout4 = `principal.mw'.

\openout4 = `principal.mw'.

\openout4 = `principal.mw'.

\openout4 = `principal.mw'.

\openout4 = `principal.mw'.

\openout4 = `principal.mw'.

\openout4 = `principal.mw'.

\openout4 = `principal.mw'.

\openout4 = `principal.mw'.

\openout4 = `principal.mw'.

\openout4 = `principal.mw'.

\openout4 = `principal.mw'.

\openout4 = `principal.mw'.

\openout4 = `principal.mw'.

\openout4 = `principal.mw'.

\openout4 = `principal.mw'.

\openout4 = `principal.mw'.

\openout4 = `principal.mw'.

\openout4 = `principal.mw'.

\openout4 = `principal.mw'.

\openout4 = `principal.mw'.

\openout4 = `principal.mw'.

\openout4 = `principal.mw'.

\openout4 = `principal.mw'.

\openout4 = `principal.mw'.

\openout4 = `principal.mw'.

 [11

]
(./principal.mw)
\openout4 = `principal.mw'.

) (./Texto/introducao.tex
LaTeX Font Info:    Trying to load font information for T1+lmtt on input line 7
.

(/usr/share/texmf/tex/latex/lm/t1lmtt.fd
File: t1lmtt.fd 2015/05/01 v1.6.1 Font defs for Latin Modern
)
Package microtype Info: Loading generic protrusion settings for font family
(microtype)             `lmtt' (encoding: T1).
(microtype)             For optimal results, create family-specific settings.
(microtype)             See the microtype manual for details.
LaTeX Font Info:    External font `lmex10' loaded for size
(Font)              <5> on input line 7.
\openout4 = `principal.mw'.

\openout4 = `principal.mw'.



LaTeX Warning: Citation 'jalongo2016writing' on page 12 undefined on input line
 7.

LaTeX Font Info:    Font shape `T1/ntxtlf/b/n' will be
(Font)              scaled to size 8.0pt on input line 7.
) (./Texto/conceitos.tex
LaTeX Font Info:    Font shape `T1/ntxtlf/m/n' will be
(Font)              scaled to size 10.0pt on input line 1.
\openout4 = `principal.mw'.

 [12


{/usr/share/texmf/fonts/enc/dvips/lm/lm-ec.enc}]
(./principal.mw)
\openout4 = `principal.mw'.

\openout4 = `principal.mw'.

\openout4 = `principal.mw'.

\openout4 = `principal.mw'.

\openout4 = `principal.mw'.

\openout4 = `principal.mw'.

\openout4 = `principal.mw'.


Overfull \hbox (1.99673pt too wide) in paragraph at lines 11--11
[][][]\T1/ntxtlf/m/n/8 (-20) ALTERAR[]  
 []


Overfull \hbox (1.99673pt too wide) in paragraph at lines 11--11
[][][]\T1/ntxtlf/m/n/8 (-20) ALTERAR[]  
 []


Package hyperref Warning: Token not allowed in a PDF string (Unicode):
(hyperref)                removing `\todo' on input line 11.


Overfull \hbox (1.99673pt too wide) in paragraph at lines 12--12
[][][]\T1/ntxtlf/m/n/8 (-20) ALTERAR[]  
 []


Overfull \hbox (1.99673pt too wide) in paragraph at lines 12--12
[][][]\T1/ntxtlf/m/n/8 (-20) ALTERAR[]  
 []


Package hyperref Warning: Token not allowed in a PDF string (Unicode):
(hyperref)                removing `\todo' on input line 12.


Overfull \hbox (1.99673pt too wide) in paragraph at lines 13--13
[][][]\T1/ntxtlf/m/n/8 (-20) ALTERAR[]  
 []


Overfull \hbox (1.99673pt too wide) in paragraph at lines 13--13
[][][]\T1/ntxtlf/m/n/8 (-20) ALTERAR[]  
 []


Package hyperref Warning: Token not allowed in a PDF string (Unicode):
(hyperref)                removing `\todo' on input line 13.


Overfull \hbox (1.99673pt too wide) in paragraph at lines 14--14
[][][]\T1/ntxtlf/m/n/8 (-20) ALTERAR[]  
 []


Overfull \hbox (1.99673pt too wide) in paragraph at lines 14--14
[][][]\T1/ntxtlf/m/n/8 (-20) ALTERAR[]  
 []


Package hyperref Warning: Token not allowed in a PDF string (Unicode):
(hyperref)                removing `\todo' on input line 14.

) (./Texto/trabalhos.tex
\openout4 = `principal.mw'.

 [13

] (./principal.mw)
\openout4 = `principal.mw'.

\openout4 = `principal.mw'.

\openout4 = `principal.mw'.

\openout4 = `principal.mw'.

\openout4 = `principal.mw'.

\openout4 = `principal.mw'.

\openout4 = `principal.mw'.

\openout4 = `principal.mw'.

\openout4 = `principal.mw'.

\openout4 = `principal.mw'.

\openout4 = `principal.mw'.

) (./Texto/metodologia.tex
\openout4 = `principal.mw'.


[14

] (./principal.mw)
\openout4 = `principal.mw'.

\openout4 = `principal.mw'.

\openout4 = `principal.mw'.

) (./Texto/resultados.tex
\openout4 = `principal.mw'.

 [15

] (./principal.mw)
\openout4 = `principal.mw'.

\openout4 = `principal.mw'.

\openout4 = `principal.mw'.

\openout4 = `principal.mw'.

\openout4 = `principal.mw'.

\openout4 = `principal.mw'.

\openout4 = `principal.mw'.

\openout4 = `principal.mw'.

 [16]
(./principal.mw)
\openout4 = `principal.mw'.

\openout4 = `principal.mw'.

\openout4 = `principal.mw'.

) (./Texto/conclusao.tex
\openout4 = `principal.mw'.

 [17

] (./principal.mw)
\openout4 = `principal.mw'.

\openout4 = `principal.mw'.

\openout4 = `principal.mw'.

)

LaTeX Warning: Empty bibliography on input line 98.


Package glossaries Warning: No \printglossary or \printglossaries found. 
(Remove \makeglossaries if you don't want any glossaries.) 
This document will not have a glossary.

\openout4 = `principal.mw'.

[18

] (./principal.mw)
\openout4 = `principal.mw'.

\openout4 = `principal.mw'.

\openout4 = `principal.mw'.

\tf@toc=\write137
\openout4 = `principal.toc'.

\tf@lof=\write138
\openout4 = `principal.lof'.

\tf@lot=\write139
\openout4 = `principal.lot'.

\tf@loa=\write140
\openout4 = `principal.loa'.

 (./principal.aux
\openout4 = `principal.mw'.

\openout4 = `principal.mw'.

\openout4 = `principal.mw'.

\openout4 = `principal.mw'.

\openout4 = `principal.mw'.

\openout4 = `principal.mw'.

\openout4 = `principal.mw'.

\openout4 = `principal.mw'.

\openout4 = `principal.mw'.

\openout4 = `principal.mw'.

\openout4 = `principal.mw'.

\openout4 = `principal.mw'.

\openout4 = `principal.mw'.

\openout4 = `principal.mw'.

\openout4 = `principal.mw'.

\openout4 = `principal.mw'.

\openout4 = `principal.mw'.

\openout4 = `principal.mw'.

\openout4 = `principal.mw'.

\openout4 = `principal.mw'.

\openout4 = `principal.mw'.

\openout4 = `principal.mw'.

\openout4 = `principal.mw'.

\openout4 = `principal.mw'.

\openout4 = `principal.mw'.

\openout4 = `principal.mw'.

\openout4 = `principal.mw'.

\openout4 = `principal.mw'.

\openout4 = `principal.mw'.

\openout4 = `principal.mw'.

\openout4 = `principal.mw'.

\openout4 = `principal.mw'.

\openout4 = `principal.mw'.

\openout4 = `principal.mw'.

\openout4 = `principal.mw'.

\openout4 = `principal.mw'.

\openout4 = `principal.mw'.

\openout4 = `principal.mw'.

\openout4 = `principal.mw'.

\openout4 = `principal.mw'.

\openout4 = `principal.mw'.

\openout4 = `principal.mw'.

\openout4 = `principal.mw'.

\openout4 = `principal.mw'.

\openout4 = `principal.mw'.

\openout4 = `principal.mw'.

\openout4 = `principal.mw'.

\openout4 = `principal.mw'.

\openout4 = `principal.mw'.

\openout4 = `principal.mw'.

\openout4 = `principal.mw'.

\openout4 = `principal.mw'.

\openout4 = `principal.mw'.

\openout4 = `principal.mw'.

\openout4 = `principal.mw'.

\openout4 = `principal.mw'.

\openout4 = `principal.mw'.

\openout4 = `principal.mw'.

\openout4 = `principal.mw'.

\openout4 = `principal.mw'.

\openout4 = `principal.mw'.

\openout4 = `principal.mw'.

\openout4 = `principal.mw'.

\openout4 = `principal.mw'.

\openout4 = `principal.mw'.

\openout4 = `principal.mw'.

\openout4 = `principal.mw'.

\openout4 = `principal.mw'.

\openout4 = `principal.mw'.

\openout4 = `principal.mw'.

\openout4 = `principal.mw'.

\openout4 = `principal.mw'.

\openout4 = `principal.mw'.

\openout4 = `principal.mw'.

\openout4 = `principal.mw'.

\openout4 = `principal.mw'.

\openout4 = `principal.mw'.

\openout4 = `principal.mw'.

)
 ***********
LaTeX2e <2023-11-01> patch level 1
L3 programming layer <2020/03/25>
 ***********


LaTeX Warning: There were undefined references.


LaTeX Warning: Label(s) may have changed. Rerun to get cross-references right.

\openout4 = `principal.out'.


Package rerunfilecheck Warning: File `principal.out' has changed.
(rerunfilecheck)                Rerun to get outlines right
(rerunfilecheck)                or use package `bookmark'.

Package rerunfilecheck Info: Checksums for `principal.out':
(rerunfilecheck)             Before: <no file>
(rerunfilecheck)             After:  4C6C2E2240D4A27CB184B7F7C9B50F23;895.

Package biblatex Warning: Please (re)run Biber on the file:
(biblatex)                principal
(biblatex)                and rerun LaTeX afterwards.

\openout4 = `principal.mw'.

\openout4 = `principal.mw'.

\openout4 = `principal.bcf'.

Package logreq Info: Writing requests to 'principal.run.xml'.
\openout1 = `principal.run.xml'.

\openout4 = `principal.idx'.

\openout4 = `principal.glo'.

\openout4 = `principal.slo'.

\openout4 = `principal.toc'.

\openout4 = `principal.lof'.

\openout4 = `principal.lot'.

\openout4 = `principal.loa'.

 ) 
Here is how much of TeX's memory you used:
 52139 strings out of 474222
 952001 string characters out of 5748733
 2139570 words of memory out of 5000000
 72736 multiletter control sequences out of 15000+600000
 591148 words of font info for 78 fonts, out of 8000000 for 9000
 1141 hyphenation exceptions out of 8191
 99i,17n,117p,2328b,4459s stack positions out of 10000i,1000n,20000p,200000b,200000s
</usr/share/texlive/texmf-dist/fonts/type1/public/amsfonts/cm/cmbx10.pfb></us
r/share/texlive/texmf-dist/fonts/type1/public/amsfonts/cm/cmr10.pfb></usr/share
/texlive/texmf-dist/fonts/type1/public/amsfonts/cm/cmr5.pfb></usr/share/texmf/f
onts/type1/public/lm/lmtt8.pfb></usr/share/texlive/texmf-dist/fonts/type1/publi
c/newtx/ztmb.pfb></usr/share/texlive/texmf-dist/fonts/type1/public/newtx/ztmr.p
fb>
Output written on principal.pdf (20 pages, 191016 bytes).
PDF statistics:
 219 PDF objects out of 1000 (max. 8388607)
 76 named destinations out of 1000 (max. 500000)
 12865 words of extra memory for PDF output out of 14400 (max. 10000000)

